RSRuntimeException
DOMTestFramework
ConnectTimeoutException
NetworkPermission
SocketTimeoutException
NetworkInterface
SimpleTimeZone
TimeZone
Timer
TimerTask
Delayed
RejectedExecutionException
RunnableScheduledFuture
ExecutorService
ExecutorCompletionService
ExecutionException
DelayQueue
ScheduledThreadPoolExecutor
RejectedExecutionHandler
TimeUnit
AbstractExecutorService
ScheduledExecutorService
ScheduledFuture
TimeoutException
ForkJoinWorkerThread
Executor
ThreadPoolExecutor
Executors
Timestamp
DateTimeException
OffsetTime
ZonedDateTime
ChronoZonedDateTime
ChronoLocalDateTime
ChronoZonedDateTimeImpl
ChronoLocalDateTimeImpl
LocalDateTime
LocalTime
OffsetDateTime
DateTimeFormatterBuilder
DateTimePrintContext
DateTimeParseException
DateTimeFormatter
DateTimeTextProvider
DateTimeParseContext
Executable.annotated
Executable
RuntimeException
RuntimePermission
Runtime
FileTime
NetworkChannel
InterruptedByTimeoutException
SQLTimeoutException
Timestamp
RowIdLifetime
Time
TimeUnitTest
ExecutorsTest
ThreadPoolExecutorTest
ScheduledExecutorTest
DelayQueueTest
ExecutorCompletionServiceTest
ThreadPoolExecutorSubclassTest
AbstractExecutorServiceTest
ScheduledExecutorSubclassTest
TCKOffsetTime
TCKZonedDateTime
TCKChronoLocalDateTime
TCKChronoZonedDateTime
TCKChronoZonedDateTimeSerialization
TCKChronoLocalDateTimeSerialization
TCKLocalDateTime
TCKLocalTime
AbstractDateTimeTest
TCKDateTimeFormatters
TCKDateTimeFormatter
TCKDateTimeFormatterBuilder
TCKDateTimeParseResolver
TCKDateTimeTextPrinting
TCKLocalDateTimeSerialization
TCKZonedDateTimeSerialization
TCKOffsetDateTimeSerialization
TCKLocalTimeSerialization
TCKOffsetTimeSerialization
TCKOffsetDateTime
TimeZoneBenchmark
ServiceWorkerClient
ServiceWorkerController
ServiceWorkerWebSettings
PrintJob
SoundTrigger
SoundTriggerModule
TriggerEvent
HdmiTimerRecordSources
Time
TriggerEventListener
NetworkStatsHistory
NetworkAgentConfig
SynchronousExecutor
WifiNetworkScoreCache
WifiAwareNetworkSpecifier
WifiAwareNetworkInfo
WifiAwareAgentNetworkSpecifier
WifiNetworkSuggestion
WifiNetworkConnectionStatistics
WifiNetworkAgentSpecifier
HiddenNetwork
PnoNetwork
WifiNetworkSpecifier
WifiFrameworkInitializer
DefaultNetworkEvent
NetworkMetrics
NetworkEvent
TestNetworkManager
ScoredNetwork
NetworkKey
NetworkIdentity
NetworkPolicy
NetworkUtils
NetworkConstants
MultinetworkPolicyTracker
NetworkAlreadyExistsException
LowpanRuntimeException
NetworkStackClient
MatchAllNetworkSpecifier
TestNetworkInterface
Network
NetworkInfo
NetworkPolicyManager
NetworkScoreManager
StringNetworkSpecifier
NetworkRequest
NetworkConfig
NetworkStats
NetworkProvider
NetworkTemplate
NetworkState
NetworkQuotaInfo
NetworkStack
NetworkSpecifier
NetworkWatchlistManager
TelephonyNetworkSpecifier
NetworkAgent
NetworkMonitorManager
NetworkStatsProvider
NetworkCapabilities
NetworkRecommendationProvider
NetworkScorerAppData
NetworkBadging
NetworkFactory
CountryTimeZones
TelephonyNetworkFinder
TelephonyNetwork
TimeZoneFinder
RuntimeAppOpAccessMessage
JobSchedulerImpl
NetworkEvent
TransactionExecutor
TransactionExecutorHelper
QueuedWork
TimePickerDialog
TimeSparseArray
NetworkStats
NetworkStatsManager
ManualTimeZoneSuggestion
TelephonyTimeZoneSuggestion
TimeZoneDetector
TimeZoneDetectorImpl
JobService
JobSchedulerFrameworkInitializer
JobParameters
JobServiceEngine
JobWorkItem
JobSnapshot
JobScheduler
JobInfo
BlobStoreManagerFrameworkInitializer
ManualTimeSuggestion
TelephonyTimeSuggestion
NetworkTimeSuggestion
TimeDetector
TimeDetectorImpl
RadialTimePickerView
TextInputTimePickerView
TimePickerClockDelegate
TimePicker
TimePickerSpinnerDelegate
DateTimeView
AndroidRuntimeException
TimeUtils
TimeFormatException
TrustedTime
NtpTrustedTime
TimedRemoteCaller
OneTimeSettingsListener
NetworkSecurityConfig
NetworkSecurityTrustManager
ConfigNetworkSecurityPolicy
NetworkSecurityConfigProvider
AndroidKeyStoreBCWorkaroundProvider
NetworkSecurityPolicy
FrameworkNetworkSecurityPolicy
LocationTime
Criteria
OneTimeUseBuilder
TimeZoneRulesDataContract
TimeAnimator
TimeInterpolator
RuntimePermissionPresentationInfo
ElapsedRealtimeLong
CurrentTimeMillisLong
CallbackExecutor
WorkerThread
CurrentTimeSecondsLong
PrintJob
PrintJobId
PrintJobInfo
RuntimePermissionPresenterService
NetworkRegistrationInfo
NetworkScan
NetworkService
AccessNetworkUtils
TelephonyFrameworkInitializer
NetworkServiceCallback
AccessNetworkConstants
QualifiedNetworksService
AvailableNetworkInfo
DataConnectionRealTimeInfo
NetworkScanRequest
Scheduler
RandomScheduler
RoundRobinScheduler
OneShotScheduler
SimpleScheduler
StructTimeval
StructTimespec
TimedEvent
TimedEvent
NetworkErrorException
CountDownTimer
NetworkOnMainThreadException
HandlerExecutor
TimerStat
WorkSource
StatsFrameworkInitializer
TimestampedValue
CleartextNetworkViolation
NetworkViolation
ThreadLocalWorkSource
VintfRuntimeInfo
TimeFormatter
Time
TimeMigrationUtils
TimeKeyListener
DateTimeKeyListener
SnoozeCriterion
ScheduleCalendar
RuntimeShader
RSRuntimeException
RuntimePermissionPresentationInfo
RuntimePermissionUsageInfo
TimedMetaData
MediaTimeProvider
SoundTriggerDetector
SoundTriggerManager
SoundTriggerDetectionService
MediaTimestamp
TimeFilter
TimedText
AudioTimestamp
TimeZonePickerDialog
TimeZonePickerUtils
TimeZoneFilterTypeAdapter
TimeZoneData
TimeZoneInfo
TimeZonePickerView
TimeZoneResultAdapter
WriteFallbackSettingsFilesJobService
TimeoutRuntimeException
GapWorker
EventScheduler
MidiEventScheduler
NetworkScanRequestTracker
NetworkScanResult
TimeServiceHelper
TimeServiceHelperImpl
TimeZoneLookupHelper
TimeZoneSuggesterImpl
CellularNetworkValidator
NetworkTypeController
HandlerExecutor
CellularNetworkService
DcNetworkAgent
AccessNetworksManager
TelephonyNetworkFactory
NetworkRegistrationManager
CellNetworkScanResult
KernelCpuUidTimeReader
ProcTimeInStateReader
KernelSingleUidTimeReader
RuntimeInit
TimestampedScoredNetwork
NetworkCycleDataForUidLoader
NetworkCycleChartData
NetworkCycleChartDataLoader
NetworkCycleData
NetworkCycleDataForUid
NetworkCycleDataLoader
NetworkStatsSummaryLoader
AbstractUptimePreferenceController
BluetoothDiscoverableTimeoutReceiver
NetworkPolicyEditor
SchedulesProvider
ScheduleInfo
OneTimePermissionUserManager
SavedNetworkNominator
WifiNetworkSelector
OpenNetworkNotifier
WifiNetworkScoreCache
MissingCounterTimerLockList
WorkSourceUtil
TimedQuotaManager
NetworkRequestStoreData
AvailableNetworkNotifier
ConnectToNetworkNotificationBuilder
ScoredNetworkNominator
NetworkSuggestionStoreData
FrameworkFacade
NetworkListStoreData
NetworkListSharedStoreData
NetworkListUserStoreData
WifiNetworkFactory
NetworkSuggestionNominator
SupplicantStaNetworkHal
NetworkUpdateResult
WifiNetworkSuggestionsManager
BackgroundScanScheduler
ScanScheduleUtil
NetworkDetail
ThreeGPPNetworkElement
CellularNetwork
ANQPNetworkKey
PasspointNetworkNominateHelper
OsuNetworkConnection
UntrustedWifiNetworkFactory
SoundTriggerService
SoundTriggerInternal
SoundTriggerHelper
SoundTriggerLogger
SoundTriggerDbHelper
FrameworkResourcesServiceNameResolver
NetworkStatsCollection
NetworkStatsManagerInternal
NetworkStatsService
NetworkStatsSubscriptionsMonitor
NetworkStatsAccess
BaseNetworkObserver
DelayedDiskWrite
NetworkPinner
NetworkPolicyManagerShellCommand
NetworkPolicyManagerInternal
NetworkPolicyManagerService
NetworkStatsRecorder
NetworkPolicyLogger
NetworkStatsObservers
NetworkStatsFactory
NetworkWatchlistService
ReportWatchlistJobService
NetworkWatchlistShellCommand
NetworkIdentitySet
TimeZoneUpdateIdler
AppTimeTracker
BatteryExternalStatsWorker
RuntimeService
NetworkTimeUpdateService
NetworkNotificationManager
NetworkAgentInfo
NetworkRanker
NetworkDiagnostics
DefaultNetworkMetrics
ScheduleConditionProvider
CameraStatsJobService
GnssNetworkConnectivityHandler
NtpTimeHelperTest
NtpTimeHelper
DelayedMessageBuffer
TimerRecordingAction
NetworkLoggingHandler
NetworkLogger
SyncJobService
NetworkManagementSocketTagger
AppTimeLimitController
NetworkManagementService
NetworkWatchlistInstallReceiver
EthernetNetworkFactory
ResettableTimeout
PreloadsFileCacheExpirationJobService
ShadowKeyValueBackupJob
FrameworkShadowLooper
SoundTriggerMiddlewareImpl
SoundTriggerHw2Compat
SoundTriggerMiddlewareService
ISoundTriggerMiddlewareInternal
SoundTriggerMiddlewareValidation
SoundTriggerMiddlewareLogging
ISoundTriggerHw2
SoundTriggerHw2Enforcer
SoundTriggerModule
TimeZoneDetectorCallbackImpl
TimeZoneDetectorStrategy
TimeZoneDetectorShellCommand
TimeZoneDetectorService
TimeZoneDetectorStrategyImpl
NetworkScorerAppManager
TestNetworkService
JobPackageTracker
JobRestriction
JobCompletedListener
JobSchedulerService
JobSchedulerInternal
JobConcurrencyManager
DeviceIdleJobsController
TimeController
BackgroundJobsController
JobStatus
JobServiceContext
JobSchedulerShellCommand
JobStore
PruneInstantAppsJobService
SipWakeupTimer
SchedulingPolicyService
BrightnessIdleJob
NetworkScoreService
FullBackupJob
QueuingNonAutomaticExecutorService
TertiaryKeyRotationSchedulerTest
SecondaryKeyRotationSchedulerTest
SecondaryKeyRotationScheduler
TertiaryKeyRotationScheduler
BackupAgentTimeoutParametersTest
BackupAgentTimeoutParameters
JobIdManagerTest
FullBackupJobTest
JobIdManager
KeyValueBackupJob
KeyValueBackupJobTest
BlobStoreIdleJobService
TimeDetectorStrategy
TimeDetectorStrategyImpl
TimeDetectorStrategyCallbackImpl
TimeDetectorService
NativeDaemonTimeoutException
NetworkManagementInternal
NetworkStatsExt
UpstreamNetworkMonitor
UpstreamNetworkState
LegacyHttpDateTime
OperationScheduler
NetworkConnectivityListener
FrameworkActionBarWrapper
FrameworkActionBar
MidiBtleTimeTracker
PresPublishTriggerType
ExecutionException
NetworkDetailsTracker
NetworkRequestEntry
StandardNetworkDetailsTracker
PasspointNetworkDetailsTracker
SavedNetworkTracker
RuntimePermissionsState
RuntimePermissionsPersistence
RuntimePermissionsPersistenceImpl
WorkLockActivityController
WorkLockActivity
NetworkOverLimitActivity
DelayedWakeLock
RepeatableExecutor
ExecutorImpl
DelayableExecutor
RepeatableExecutorImpl
AlarmTimeout
DozeTriggers
ForegroundServiceLifetimeExtender
NotificationLifetimeExtender
NotifLifetimeExtender
NetworkController
NetworkControllerImpl
WorkModeTile
BackgroundExecutor
TimeLimitedMotionEventBuffer
OneTimeEndListener
NfcExecutionEnvironment
