androidx.multidex.ZipEntryReader.java private static long getTime(int time, int modDate)
org.w3c.domts.DOMTestCase.java public void wait(int millisecond)
org.w3c.domts.DOMTestInnerClass.java public void wait(int millisecond)
org.w3c.domts.JUnitTestCaseAdapter.java public void wait(int millisecond)
org.w3c.domts.DOMTestFramework.java  void wait(int millisecond)
java.util.Calendar.annotated.java public void setTimeInMillis(long millis)
java.util.Calendar.annotated.java public final void set(int year, int month, int date, int hourOfDay, int minute)
java.util.Calendar.annotated.java public final void set(int year, int month, int date, int hourOfDay, int minute, int second)
java.util.Calendar.annotated.java public final void set(int year, int month, int date, int hourOfDay, int minute, int second)
java.util.Calendar.annotated.java public java.util.Calendar.Builder setTimeOfDay(int hourOfDay, int minute, int second)
java.util.Calendar.annotated.java public java.util.Calendar.Builder setTimeOfDay(int hourOfDay, int minute, int second)
java.util.Calendar.annotated.java public java.util.Calendar.Builder setTimeOfDay(int hourOfDay, int minute, int second, int millis)
java.util.Calendar.annotated.java public java.util.Calendar.Builder setTimeOfDay(int hourOfDay, int minute, int second, int millis)
java.util.Calendar.annotated.java public java.util.Calendar.Builder setTimeOfDay(int hourOfDay, int minute, int second, int millis)
java.util.Calendar.java public Builder setTimeOfDay(int hourOfDay, int minute, int second)
java.util.Calendar.java public Builder setTimeOfDay(int hourOfDay, int minute, int second)
java.util.Calendar.java public Builder setTimeOfDay(int hourOfDay, int minute, int second, int millis)
java.util.Calendar.java public Builder setTimeOfDay(int hourOfDay, int minute, int second, int millis)
java.util.Calendar.java public Builder setTimeOfDay(int hourOfDay, int minute, int second, int millis)
java.util.Calendar.java public void setTimeInMillis(long millis)
java.util.Calendar.java public final void set(int year, int month, int date, int hourOfDay, int minute)
java.util.Calendar.java public final void set(int year, int month, int date, int hourOfDay, int minute, int second)
java.util.Calendar.java public final void set(int year, int month, int date, int hourOfDay, int minute, int second)
java.util.stream.StreamReuseTest.java private void assertSecondFails(D data, Function<S, T> first, Function<S, U> second, Class<? extends Throwable> exception, String text)
java.util.SimpleTimeZone.java public int getOffset(int era, int year, int month, int day, int dayOfWeek, int millis)
java.util.SimpleTimeZone.java private int getOffset(BaseCalendar cal, BaseCalendar.Date cdate, int year, long time)
java.util.SimpleTimeZone.java public void setDSTSavings(int millisSavedDuringDST)
java.util.TimeZone.java public abstract int getOffset(int era, int year, int month, int day, int dayOfWeek, int milliseconds)
java.util.Timer.java public void schedule(TimerTask task, long delay)
java.util.Timer.java public void schedule(TimerTask task, Date time)
java.util.Timer.java public void schedule(TimerTask task, long delay, long period)
java.util.Timer.java public void scheduleAtFixedRate(TimerTask task, long delay, long period)
java.util.Timer.java private void sched(TimerTask task, long time, long period)
java.util.zip.ZipEntry.java public void setTime(long time)
java.util.zip.ZipEntry.java public ZipEntry setLastModifiedTime(FileTime time)
java.util.zip.ZipEntry.java public ZipEntry setLastAccessTime(FileTime time)
java.util.zip.ZipEntry.java public ZipEntry setCreationTime(FileTime time)
java.util.zip.ZipUtils.java private static long javaToDosTime(long time)
java.util.zip.ZipUtils.java public static long javaToExtendedDosTime(long time)
java.util.zip.ZipEntry.annotated.java public void setTime(long time)
java.util.zip.ZipEntry.annotated.java public java.util.zip.ZipEntry setLastModifiedTime(java.nio.file.attribute.FileTime time)
java.util.zip.ZipEntry.annotated.java public java.util.zip.ZipEntry setLastAccessTime(java.nio.file.attribute.FileTime time)
java.util.zip.ZipEntry.annotated.java public java.util.zip.ZipEntry setCreationTime(java.nio.file.attribute.FileTime time)
java.util.concurrent.locks.AbstractQueuedLongSynchronizer.java public final boolean await(long time, TimeUnit unit) throws InterruptedException
java.util.concurrent.locks.AbstractQueuedSynchronizer.java public final boolean await(long time, TimeUnit unit) throws InterruptedException
java.util.concurrent.locks.Condition.java  boolean await(long time, TimeUnit unit) throws InterruptedException
java.util.concurrent.locks.StampedLock.java public long tryWriteLock(long time, TimeUnit unit) throws InterruptedException
java.util.concurrent.locks.StampedLock.java public long tryReadLock(long time, TimeUnit unit) throws InterruptedException
java.util.concurrent.locks.StampedLock.java public boolean tryLock(long time, TimeUnit unit) throws InterruptedException
java.util.concurrent.locks.StampedLock.java public boolean tryLock(long time, TimeUnit unit) throws InterruptedException
java.util.concurrent.locks.Lock.java  boolean tryLock(long time, TimeUnit unit) throws InterruptedException
java.util.concurrent.ScheduledThreadPoolExecutor.java private long triggerTime(long delay, TimeUnit unit)
java.util.concurrent.ScheduledThreadPoolExecutor.java  long triggerTime(long delay)
java.util.concurrent.ScheduledThreadPoolExecutor.java private long overflowFree(long delay)
java.util.concurrent.ScheduledThreadPoolExecutor.java public ScheduledFuture<?> schedule(Runnable command, long delay, TimeUnit unit)
java.util.concurrent.ScheduledThreadPoolExecutor.java public ScheduledFuture<V> schedule(Callable<V> callable, long delay, TimeUnit unit)
java.util.concurrent.ScheduledThreadPoolExecutor.java public ScheduledFuture<?> scheduleWithFixedDelay(Runnable command, long initialDelay, long delay, TimeUnit unit)
java.util.concurrent.ScheduledExecutorService.java public ScheduledFuture<?> schedule(Runnable command, long delay, TimeUnit unit)
java.util.concurrent.ScheduledExecutorService.java public ScheduledFuture<V> schedule(Callable<V> callable, long delay, TimeUnit unit)
java.util.concurrent.ScheduledExecutorService.java public ScheduledFuture<?> scheduleWithFixedDelay(Runnable command, long initialDelay, long delay, TimeUnit unit)
java.util.concurrent.CompletableFuture.java public static Executor delayedExecutor(long delay, TimeUnit unit, Executor executor)
java.util.concurrent.CompletableFuture.java public static Executor delayedExecutor(long delay, TimeUnit unit)
java.util.concurrent.CompletableFuture.java  static ScheduledFuture<?> delay(Runnable command, long delay, TimeUnit unit)
java.util.concurrent.ThreadPoolExecutor.java public void setKeepAliveTime(long time, TimeUnit unit)
java.util.concurrent.CompletableFuture.annotated.java public static java.util.concurrent.Executor delayedExecutor(long delay, java.util.concurrent.TimeUnit unit, java.util.concurrent.Executor executor)
java.util.concurrent.CompletableFuture.annotated.java public static java.util.concurrent.Executor delayedExecutor(long delay, java.util.concurrent.TimeUnit unit)
java.util.concurrent.Executors.java public ScheduledFuture<?> schedule(Runnable command, long delay, TimeUnit unit)
java.util.concurrent.Executors.java public ScheduledFuture<V> schedule(Callable<V> callable, long delay, TimeUnit unit)
java.util.concurrent.Executors.java public ScheduledFuture<?> scheduleWithFixedDelay(Runnable command, long initialDelay, long delay, TimeUnit unit)
java.util.Arrays.java public int compare(Object first, Object second)
java.util.Date.java public void setHours(int hours)
java.util.Date.java public void setSeconds(int seconds)
java.util.Date.java public void setTime(long time)
java.util.logging.XMLFormatter.java private void appendISO8601(StringBuilder sb, long millis)
java.util.logging.LogRecord.java public void setMillis(long millis)
java.io.FileSystem.java public abstract boolean setLastModifiedTime(File f, long time)
java.io.UnixFileSystem.java public boolean setLastModifiedTime(File f, long time)
java.io.UnixFileSystem.java private native boolean setLastModifiedTime0(File f, long time)
java.io.File.java public boolean setLastModified(long time)
java.io.File.annotated.java public boolean setLastModified(long time)
java.time.OffsetTime.java public static OffsetTime of(LocalTime time, ZoneOffset offset)
java.time.OffsetTime.java public static OffsetTime of(int hour, int minute, int second, int nanoOfSecond, ZoneOffset offset)
java.time.OffsetTime.java public static OffsetTime of(int hour, int minute, int second, int nanoOfSecond, ZoneOffset offset)
java.time.OffsetTime.java public static OffsetTime of(int hour, int minute, int second, int nanoOfSecond, ZoneOffset offset)
java.time.OffsetTime.java private OffsetTime with(LocalTime time, ZoneOffset offset)
java.time.OffsetTime.java public OffsetTime withHour(int hour)
java.time.OffsetTime.java public OffsetTime withMinute(int minute)
java.time.OffsetTime.java public OffsetTime withSecond(int second)
java.time.OffsetTime.java public OffsetTime plusHours(long hours)
java.time.OffsetTime.java public OffsetTime plusSeconds(long seconds)
java.time.OffsetTime.java public OffsetTime minusHours(long hours)
java.time.OffsetTime.java public OffsetTime minusSeconds(long seconds)
java.time.ZonedDateTime.java public static ZonedDateTime of(LocalDate date, LocalTime time, ZoneId zone)
java.time.ZonedDateTime.java public static ZonedDateTime of(int year, int month, int dayOfMonth, int hour, int minute, int second, int nanoOfSecond, ZoneId zone)
java.time.ZonedDateTime.java public static ZonedDateTime of(int year, int month, int dayOfMonth, int hour, int minute, int second, int nanoOfSecond, ZoneId zone)
java.time.ZonedDateTime.java public static ZonedDateTime of(int year, int month, int dayOfMonth, int hour, int minute, int second, int nanoOfSecond, ZoneId zone)
java.time.ZonedDateTime.java public ZonedDateTime withHour(int hour)
java.time.ZonedDateTime.java public ZonedDateTime withMinute(int minute)
java.time.ZonedDateTime.java public ZonedDateTime withSecond(int second)
java.time.ZonedDateTime.java public ZonedDateTime plusHours(long hours)
java.time.ZonedDateTime.java public ZonedDateTime plusSeconds(long seconds)
java.time.ZonedDateTime.java public ZonedDateTime minusHours(long hours)
java.time.ZonedDateTime.java public ZonedDateTime minusSeconds(long seconds)
java.time.Duration.java public static Duration ofHours(long hours)
java.time.Duration.java public static Duration ofSeconds(long seconds)
java.time.Duration.java public static Duration ofSeconds(long seconds, long nanoAdjustment)
java.time.Duration.java public static Duration ofMillis(long millis)
java.time.Duration.java private static Duration create(long seconds, int nanoAdjustment)
java.time.Duration.java public Duration withSeconds(long seconds)
java.time.Duration.java public Duration plusMillis(long millisToAdd)
java.time.Duration.java public Duration minusMillis(long millisToSubtract)
java.time.Duration.java private static Duration create(BigDecimal seconds)
java.time.Instant.java private static Instant create(long seconds, int nanoOfSecond)
java.time.Instant.java public Instant plusMillis(long millisToAdd)
java.time.Instant.java public Instant minusMillis(long millisToSubtract)
java.time.chrono.ChronoLocalDateTimeImpl.java  static ChronoLocalDateTimeImpl<R> of(R date, LocalTime time)
java.time.chrono.ChronoLocalDateTimeImpl.java private ChronoLocalDateTimeImpl<D> plusHours(long hours)
java.time.chrono.ChronoLocalDateTimeImpl.java  ChronoLocalDateTimeImpl<D> plusSeconds(long seconds)
java.time.chrono.ChronoLocalDateTimeImpl.java private ChronoLocalDateTimeImpl<D> plusWithOverflow(D newDate, long hours, long minutes, long seconds, long nanos)
java.time.chrono.ChronoLocalDateTimeImpl.java private ChronoLocalDateTimeImpl<D> plusWithOverflow(D newDate, long hours, long minutes, long seconds, long nanos)
java.time.LocalDateTime.java public static LocalDateTime of(int year, Month month, int dayOfMonth, int hour, int minute)
java.time.LocalDateTime.java public static LocalDateTime of(int year, Month month, int dayOfMonth, int hour, int minute)
java.time.LocalDateTime.java public static LocalDateTime of(int year, Month month, int dayOfMonth, int hour, int minute, int second)
java.time.LocalDateTime.java public static LocalDateTime of(int year, Month month, int dayOfMonth, int hour, int minute, int second)
java.time.LocalDateTime.java public static LocalDateTime of(int year, Month month, int dayOfMonth, int hour, int minute, int second)
java.time.LocalDateTime.java public static LocalDateTime of(int year, Month month, int dayOfMonth, int hour, int minute, int second, int nanoOfSecond)
java.time.LocalDateTime.java public static LocalDateTime of(int year, Month month, int dayOfMonth, int hour, int minute, int second, int nanoOfSecond)
java.time.LocalDateTime.java public static LocalDateTime of(int year, Month month, int dayOfMonth, int hour, int minute, int second, int nanoOfSecond)
java.time.LocalDateTime.java public static LocalDateTime of(int year, int month, int dayOfMonth, int hour, int minute)
java.time.LocalDateTime.java public static LocalDateTime of(int year, int month, int dayOfMonth, int hour, int minute)
java.time.LocalDateTime.java public static LocalDateTime of(int year, int month, int dayOfMonth, int hour, int minute, int second)
java.time.LocalDateTime.java public static LocalDateTime of(int year, int month, int dayOfMonth, int hour, int minute, int second)
java.time.LocalDateTime.java public static LocalDateTime of(int year, int month, int dayOfMonth, int hour, int minute, int second)
java.time.LocalDateTime.java public static LocalDateTime of(int year, int month, int dayOfMonth, int hour, int minute, int second, int nanoOfSecond)
java.time.LocalDateTime.java public static LocalDateTime of(int year, int month, int dayOfMonth, int hour, int minute, int second, int nanoOfSecond)
java.time.LocalDateTime.java public static LocalDateTime of(int year, int month, int dayOfMonth, int hour, int minute, int second, int nanoOfSecond)
java.time.LocalDateTime.java public static LocalDateTime of(LocalDate date, LocalTime time)
java.time.LocalDateTime.java public LocalDateTime withHour(int hour)
java.time.LocalDateTime.java public LocalDateTime withMinute(int minute)
java.time.LocalDateTime.java public LocalDateTime withSecond(int second)
java.time.LocalDateTime.java public LocalDateTime plusHours(long hours)
java.time.LocalDateTime.java public LocalDateTime plusSeconds(long seconds)
java.time.LocalDateTime.java public LocalDateTime minusHours(long hours)
java.time.LocalDateTime.java public LocalDateTime minusSeconds(long seconds)
java.time.LocalDateTime.java private LocalDateTime plusWithOverflow(LocalDate newDate, long hours, long minutes, long seconds, long nanos, int sign)
java.time.LocalDateTime.java private LocalDateTime plusWithOverflow(LocalDate newDate, long hours, long minutes, long seconds, long nanos, int sign)
java.time.zone.ZoneOffsetTransitionRule.java public static ZoneOffsetTransitionRule of(Month month, int dayOfMonthIndicator, DayOfWeek dayOfWeek, LocalTime time, boolean timeEndOfDay, TimeDefinition timeDefnition, ZoneOffset standardOffset, ZoneOffset offsetBefore, ZoneOffset offsetAfter)
java.time.LocalTime.java public static LocalTime of(int hour, int minute)
java.time.LocalTime.java public static LocalTime of(int hour, int minute)
java.time.LocalTime.java public static LocalTime of(int hour, int minute, int second)
java.time.LocalTime.java public static LocalTime of(int hour, int minute, int second)
java.time.LocalTime.java public static LocalTime of(int hour, int minute, int second)
java.time.LocalTime.java public static LocalTime of(int hour, int minute, int second, int nanoOfSecond)
java.time.LocalTime.java public static LocalTime of(int hour, int minute, int second, int nanoOfSecond)
java.time.LocalTime.java public static LocalTime of(int hour, int minute, int second, int nanoOfSecond)
java.time.LocalTime.java private static LocalTime create(int hour, int minute, int second, int nanoOfSecond)
java.time.LocalTime.java private static LocalTime create(int hour, int minute, int second, int nanoOfSecond)
java.time.LocalTime.java private static LocalTime create(int hour, int minute, int second, int nanoOfSecond)
java.time.LocalTime.java public LocalTime withHour(int hour)
java.time.LocalTime.java public LocalTime withMinute(int minute)
java.time.LocalTime.java public LocalTime withSecond(int second)
java.time.OffsetDateTime.java public static OffsetDateTime of(LocalDate date, LocalTime time, ZoneOffset offset)
java.time.OffsetDateTime.java public static OffsetDateTime of(int year, int month, int dayOfMonth, int hour, int minute, int second, int nanoOfSecond, ZoneOffset offset)
java.time.OffsetDateTime.java public static OffsetDateTime of(int year, int month, int dayOfMonth, int hour, int minute, int second, int nanoOfSecond, ZoneOffset offset)
java.time.OffsetDateTime.java public static OffsetDateTime of(int year, int month, int dayOfMonth, int hour, int minute, int second, int nanoOfSecond, ZoneOffset offset)
java.time.OffsetDateTime.java public OffsetDateTime withHour(int hour)
java.time.OffsetDateTime.java public OffsetDateTime withMinute(int minute)
java.time.OffsetDateTime.java public OffsetDateTime withSecond(int second)
java.time.OffsetDateTime.java public OffsetDateTime plusHours(long hours)
java.time.OffsetDateTime.java public OffsetDateTime plusSeconds(long seconds)
java.time.OffsetDateTime.java public OffsetDateTime minusHours(long hours)
java.time.OffsetDateTime.java public OffsetDateTime minusSeconds(long seconds)
java.time.LocalDate.java public LocalDateTime atTime(LocalTime time)
java.time.LocalDate.java public LocalDateTime atTime(int hour, int minute)
java.time.LocalDate.java public LocalDateTime atTime(int hour, int minute)
java.time.LocalDate.java public LocalDateTime atTime(int hour, int minute, int second)
java.time.LocalDate.java public LocalDateTime atTime(int hour, int minute, int second)
java.time.LocalDate.java public LocalDateTime atTime(int hour, int minute, int second)
java.time.LocalDate.java public LocalDateTime atTime(int hour, int minute, int second, int nanoOfSecond)
java.time.LocalDate.java public LocalDateTime atTime(int hour, int minute, int second, int nanoOfSecond)
java.time.LocalDate.java public LocalDateTime atTime(int hour, int minute, int second, int nanoOfSecond)
java.time.LocalDate.java public OffsetDateTime atTime(OffsetTime time)
java.time.ZoneOffset.java public static ZoneOffset ofHours(int hours)
java.time.ZoneOffset.java public static ZoneOffset ofHoursMinutes(int hours, int minutes)
java.time.ZoneOffset.java public static ZoneOffset ofHoursMinutesSeconds(int hours, int minutes, int seconds)
java.time.ZoneOffset.java public static ZoneOffset ofHoursMinutesSeconds(int hours, int minutes, int seconds)
java.time.ZoneOffset.java private static void validate(int hours, int minutes, int seconds)
java.time.ZoneOffset.java private static void validate(int hours, int minutes, int seconds)
java.time.ZoneOffset.java private static int totalSeconds(int hours, int minutes, int seconds)
java.time.ZoneOffset.java private static int totalSeconds(int hours, int minutes, int seconds)
java.lang.Thread.annotated.java public static void sleep(long millis) throws java.lang.InterruptedException
java.lang.Thread.annotated.java public static void sleep(long millis, int nanos) throws java.lang.InterruptedException
java.lang.Thread.annotated.java public final void join(long millis) throws java.lang.InterruptedException
java.lang.Thread.annotated.java public final void join(long millis, int nanos) throws java.lang.InterruptedException
java.lang.Thread.java public static void sleep(long millis) throws InterruptedException
java.lang.Thread.java private static native void sleep(Object lock, long millis, int nanos) throws InterruptedException
java.lang.Thread.java public static void sleep(long millis, int nanos) throws InterruptedException
java.lang.Thread.java public final void join(long millis) throws InterruptedException
java.lang.Thread.java public final void join(long millis, int nanos) throws InterruptedException
java.nio.file.Files.java public static Path setLastModifiedTime(Path path, FileTime time) throws IOException
java.sql.DriverManager.java public static void setLoginTimeout(int seconds)
java.sql.Statement.java  void setQueryTimeout(int seconds) throws SQLException
java.sql.Timestamp.java public void setTime(long time)
java.sql.Time.java public void setTime(long time)
jsr166.JSR166TestCase.java  static void delay(long millis) throws InterruptedException
jsr166.JSR166TestCase.java  void assertThreadStaysAlive(Thread thread, long millis)
jsr166.JSR166TestCase.java  void assertThreadsStayAlive(long millis, Thread... threads)
jsr166.JSR166TestCase.java  void sleep(long millis)
jsr166.LockSupportTest.java  void park(long millis)
jsr166.LockSupportTest.java  void park(long millis)
jsr166.LockSupportTest.java  void park(long millis)
jsr166.LockSupportTest.java  void park(long millis)
jsr166.LockSupportTest.java  void park(long millis)
jsr166.LockSupportTest.java  void park(long millis)
jsr166.LockSupportTest.java  abstract void park(long millis)
jsr166.LockSupportTest.java  long deadline(long millis)
jsr166.ScheduledExecutorSubclassTest.java public V get(long time, TimeUnit unit) throws InterruptedException, ExecutionException, TimeoutException
tck.java.time.TCKZonedDateTime.java private static LocalDateTime dateTime(int year, int month, int dayOfMonth, int hour, int minute)
tck.java.time.TCKZonedDateTime.java private static LocalDateTime dateTime(int year, int month, int dayOfMonth, int hour, int minute)
tck.java.time.TCKZonedDateTime.java private static LocalDateTime dateTime(int year, int month, int dayOfMonth, int hour, int minute, int second, int nanoOfSecond)
tck.java.time.TCKZonedDateTime.java private static LocalDateTime dateTime(int year, int month, int dayOfMonth, int hour, int minute, int second, int nanoOfSecond)
tck.java.time.TCKZonedDateTime.java private static LocalDateTime dateTime(int year, int month, int dayOfMonth, int hour, int minute, int second, int nanoOfSecond)
tck.java.time.TCKZonedDateTime.java private static ZonedDateTime dateTime(int year, int month, int dayOfMonth, int hour, int minute, int second, int nanoOfSecond, ZoneOffset offset, ZoneId zoneId)
tck.java.time.TCKZonedDateTime.java private static ZonedDateTime dateTime(int year, int month, int dayOfMonth, int hour, int minute, int second, int nanoOfSecond, ZoneOffset offset, ZoneId zoneId)
tck.java.time.TCKZonedDateTime.java private static ZonedDateTime dateTime(int year, int month, int dayOfMonth, int hour, int minute, int second, int nanoOfSecond, ZoneOffset offset, ZoneId zoneId)
tck.java.time.TCKLocalDateTime.java public void test_plusSeconds_fromZero(int seconds, LocalDate date, int hour, int min, int sec)
tck.java.time.TCKLocalDateTime.java public void test_plusSeconds_fromZero(int seconds, LocalDate date, int hour, int min, int sec)
tck.java.time.TCKLocalDateTime.java public void test_plusNanos_fromZero(long nanoseconds, LocalDate date, int hour, int min, int sec, int nanos)
tck.java.time.TCKLocalDateTime.java public void test_minusSeconds_fromZero(int seconds, LocalDate date, int hour, int min, int sec)
tck.java.time.TCKLocalDateTime.java public void test_minusSeconds_fromZero(int seconds, LocalDate date, int hour, int min, int sec)
tck.java.time.TCKLocalDateTime.java public void test_minusNanos_fromZero(long nanoseconds, LocalDate date, int hour, int min, int sec, int nanos)
tck.java.time.TCKLocalDateTime.java private LocalDateTime dtEpoch(int hour, int min, int sec, int nano)
tck.java.time.TCKLocalDateTime.java private LocalDateTime dtEpoch(int hour, int min, int sec, int nano)
tck.java.time.TCKLocalDateTime.java private LocalDateTime dt(int year, int month, int day, int hour, int min, int sec, int nano)
tck.java.time.TCKLocalDateTime.java private LocalDateTime dt(int year, int month, int day, int hour, int min, int sec, int nano)
tck.java.time.zone.TCKZoneRules.java private Instant createInstant(int year, int month, int day, int hour, int min, ZoneOffset offset)
tck.java.time.zone.TCKZoneRules.java private Instant createInstant(int year, int month, int day, int hour, int min, int sec, int nano, ZoneOffset offset)
tck.java.time.zone.TCKZoneRules.java private Instant createInstant(int year, int month, int day, int hour, int min, int sec, int nano, ZoneOffset offset)
tck.java.time.TCKLocalTime.java public void test_plusSeconds_fromZero(int seconds, int hour, int min, int sec)
tck.java.time.TCKLocalTime.java public void test_plusSeconds_fromZero(int seconds, int hour, int min, int sec)
tck.java.time.TCKLocalTime.java public void test_plusNanos_fromZero(long nanoseconds, int hour, int min, int sec, int nanos)
tck.java.time.TCKLocalTime.java public void test_minusSeconds_fromZero(int seconds, int hour, int min, int sec)
tck.java.time.TCKLocalTime.java public void test_minusSeconds_fromZero(int seconds, int hour, int min, int sec)
tck.java.time.TCKLocalTime.java public void test_minusNanos_fromZero(long nanoseconds, int hour, int min, int sec, int nanos)
tck.java.time.TCKLocalTime.java private LocalTime time(int hour, int min, int sec, int nano)
tck.java.time.TCKLocalTime.java private LocalTime time(int hour, int min, int sec, int nano)
tck.java.time.TCKInstant.java public void factory_millis_long(long millis, long expectedSeconds, int expectedNanoOfSecond)
tck.java.time.TCKInstant.java public void test_plusTemporalAmount(TemporalUnit unit, TemporalAmount amount, int seconds, int nanos)
tck.java.time.TCKInstant.java public void plus_Duration(long seconds, int nanos, long otherSeconds, int otherNanos, long expectedSeconds, int expectedNanoOfSecond)
tck.java.time.TCKInstant.java public void plus_longTemporalUnit(long seconds, int nanos, long otherSeconds, int otherNanos, long expectedSeconds, int expectedNanoOfSecond)
tck.java.time.TCKInstant.java public void plusSeconds_long(long seconds, int nanos, long amount, long expectedSeconds, int expectedNanoOfSecond)
tck.java.time.TCKInstant.java public void plusMillis_long(long seconds, int nanos, long amount, long expectedSeconds, int expectedNanoOfSecond)
tck.java.time.TCKInstant.java public void plusMillis_long_oneMore(long seconds, int nanos, long amount, long expectedSeconds, int expectedNanoOfSecond)
tck.java.time.TCKInstant.java public void plusMillis_long_minusOneLess(long seconds, int nanos, long amount, long expectedSeconds, int expectedNanoOfSecond)
tck.java.time.TCKInstant.java public void plusNanos_long(long seconds, int nanos, long amount, long expectedSeconds, int expectedNanoOfSecond)
tck.java.time.TCKInstant.java public void minus_Duration(long seconds, int nanos, long otherSeconds, int otherNanos, long expectedSeconds, int expectedNanoOfSecond)
tck.java.time.TCKInstant.java public void minus_longTemporalUnit(long seconds, int nanos, long otherSeconds, int otherNanos, long expectedSeconds, int expectedNanoOfSecond)
tck.java.time.TCKInstant.java public void minusSeconds_long(long seconds, int nanos, long amount, long expectedSeconds, int expectedNanoOfSecond)
tck.java.time.TCKInstant.java public void minusMillis_long(long seconds, int nanos, long amount, long expectedSeconds, int expectedNanoOfSecond)
tck.java.time.TCKInstant.java public void minusMillis_long_oneMore(long seconds, int nanos, long amount, long expectedSeconds, int expectedNanoOfSecond)
tck.java.time.TCKInstant.java public void minusMillis_long_minusOneLess(long seconds, int nanos, long amount, long expectedSeconds, int expectedNanoOfSecond)
tck.java.time.TCKInstant.java public void minusNanos_long(long seconds, int nanos, long amount, long expectedSeconds, int expectedNanoOfSecond)
tck.java.time.TCKDuration.java public void factory_millis_long(long millis, long expectedSeconds, int expectedNanoOfSecond)
tck.java.time.TCKDuration.java public void plus(long seconds, int nanos, long otherSeconds, int otherNanos, long expectedSeconds, int expectedNanoOfSecond)
tck.java.time.TCKDuration.java public void plusHours_long(long hours, long amount, long expectedHours)
tck.java.time.TCKDuration.java public void plusSeconds_long(long seconds, int nanos, long amount, long expectedSeconds, int expectedNanoOfSecond)
tck.java.time.TCKDuration.java public void plusMillis_long(long seconds, int nanos, long amount, long expectedSeconds, int expectedNanoOfSecond)
tck.java.time.TCKDuration.java public void plusMillis_long_oneMore(long seconds, int nanos, long amount, long expectedSeconds, int expectedNanoOfSecond)
tck.java.time.TCKDuration.java public void plusMillis_long_minusOneLess(long seconds, int nanos, long amount, long expectedSeconds, int expectedNanoOfSecond)
tck.java.time.TCKDuration.java public void plusNanos_long(long seconds, int nanos, long amount, long expectedSeconds, int expectedNanoOfSecond)
tck.java.time.TCKDuration.java public void minus(long seconds, int nanos, long otherSeconds, int otherNanos, long expectedSeconds, int expectedNanoOfSecond)
tck.java.time.TCKDuration.java public void minusHours_long(long hours, long amount, long expectedHours)
tck.java.time.TCKDuration.java public void minusSeconds_long(long seconds, int nanos, long amount, long expectedSeconds, int expectedNanoOfSecond)
tck.java.time.TCKDuration.java public void minusMillis_long(long seconds, int nanos, long amount, long expectedSeconds, int expectedNanoOfSecond)
tck.java.time.TCKDuration.java public void minusMillis_long_oneMore(long seconds, int nanos, long amount, long expectedSeconds, int expectedNanoOfSecond)
tck.java.time.TCKDuration.java public void minusMillis_long_minusOneLess(long seconds, int nanos, long amount, long expectedSeconds, int expectedNanoOfSecond)
tck.java.time.TCKDuration.java public void minusNanos_long(long seconds, int nanos, long amount, long expectedSeconds, int expectedNanoOfSecond)
tck.java.time.TCKDuration.java public void multipliedBy(long seconds, int nanos, int multiplicand, long expectedSeconds, int expectedNanos)
tck.java.time.TCKDuration.java public void dividedBy(long seconds, int nanos, int divisor, long expectedSeconds, int expectedNanos)
tck.java.time.TCKDuration.java public void dividedByZero(long seconds, int nanos, int divisor, long expectedSeconds, int expectedNanos)
tck.java.time.TCKDuration.java public void withNanos_long(long seconds, int nanos, int amount, long expectedSeconds, int expectedNanoOfSecond)
tck.java.time.TCKDuration.java public void withSeconds_long(long seconds, int nanos, long amount, long expectedSeconds, int expectedNanoOfSecond)
tck.java.time.TCKDuration.java public void test_toString(long seconds, int nanos, String expected)
tck.java.time.format.TCKDateTimeFormatters.java public void test_print_isoLocalTime(Integer hour, Integer min, Integer sec, Integer nano, String offsetId, String zoneId, String expected, Class<?> expectedEx)
tck.java.time.format.TCKDateTimeFormatters.java public void test_print_isoLocalTime(Integer hour, Integer min, Integer sec, Integer nano, String offsetId, String zoneId, String expected, Class<?> expectedEx)
tck.java.time.format.TCKDateTimeFormatters.java public void test_parse_isoLocalTime(Integer hour, Integer min, Integer sec, Integer nano, String offsetId, String zoneId, String input, Class<?> invalid)
tck.java.time.format.TCKDateTimeFormatters.java public void test_parse_isoLocalTime(Integer hour, Integer min, Integer sec, Integer nano, String offsetId, String zoneId, String input, Class<?> invalid)
tck.java.time.format.TCKDateTimeFormatters.java public void test_print_isoOffsetTime(Integer hour, Integer min, Integer sec, Integer nano, String offsetId, String zoneId, String expected, Class<?> expectedEx)
tck.java.time.format.TCKDateTimeFormatters.java public void test_print_isoOffsetTime(Integer hour, Integer min, Integer sec, Integer nano, String offsetId, String zoneId, String expected, Class<?> expectedEx)
tck.java.time.format.TCKDateTimeFormatters.java public void test_parse_isoOffsetTime(Integer hour, Integer min, Integer sec, Integer nano, String offsetId, String zoneId, String input, Class<?> invalid)
tck.java.time.format.TCKDateTimeFormatters.java public void test_parse_isoOffsetTime(Integer hour, Integer min, Integer sec, Integer nano, String offsetId, String zoneId, String input, Class<?> invalid)
tck.java.time.format.TCKDateTimeFormatters.java public void test_print_isoTime(Integer hour, Integer min, Integer sec, Integer nano, String offsetId, String zoneId, String expected, Class<?> expectedEx)
tck.java.time.format.TCKDateTimeFormatters.java public void test_print_isoTime(Integer hour, Integer min, Integer sec, Integer nano, String offsetId, String zoneId, String expected, Class<?> expectedEx)
tck.java.time.format.TCKDateTimeFormatters.java public void test_parse_isoTime(Integer hour, Integer min, Integer sec, Integer nano, String offsetId, String zoneId, String input, Class<?> invalid)
tck.java.time.format.TCKDateTimeFormatters.java public void test_parse_isoTime(Integer hour, Integer min, Integer sec, Integer nano, String offsetId, String zoneId, String input, Class<?> invalid)
tck.java.time.format.TCKDateTimeFormatters.java public void test_print_isoLocalDateTime(Integer year, Integer month, Integer day, Integer hour, Integer min, Integer sec, Integer nano, String offsetId, String zoneId, String expected, Class<?> expectedEx)
tck.java.time.format.TCKDateTimeFormatters.java public void test_print_isoLocalDateTime(Integer year, Integer month, Integer day, Integer hour, Integer min, Integer sec, Integer nano, String offsetId, String zoneId, String expected, Class<?> expectedEx)
tck.java.time.format.TCKDateTimeFormatters.java public void test_parse_isoLocalDateTime(Integer year, Integer month, Integer day, Integer hour, Integer min, Integer sec, Integer nano, String offsetId, String zoneId, String input, Class<?> invalid)
tck.java.time.format.TCKDateTimeFormatters.java public void test_parse_isoLocalDateTime(Integer year, Integer month, Integer day, Integer hour, Integer min, Integer sec, Integer nano, String offsetId, String zoneId, String input, Class<?> invalid)
tck.java.time.format.TCKDateTimeFormatters.java public void test_print_isoOffsetDateTime(Integer year, Integer month, Integer day, Integer hour, Integer min, Integer sec, Integer nano, String offsetId, String zoneId, String expected, Class<?> expectedEx)
tck.java.time.format.TCKDateTimeFormatters.java public void test_print_isoOffsetDateTime(Integer year, Integer month, Integer day, Integer hour, Integer min, Integer sec, Integer nano, String offsetId, String zoneId, String expected, Class<?> expectedEx)
tck.java.time.format.TCKDateTimeFormatters.java public void test_parse_isoOffsetDateTime(Integer year, Integer month, Integer day, Integer hour, Integer min, Integer sec, Integer nano, String offsetId, String zoneId, String input, Class<?> invalid)
tck.java.time.format.TCKDateTimeFormatters.java public void test_parse_isoOffsetDateTime(Integer year, Integer month, Integer day, Integer hour, Integer min, Integer sec, Integer nano, String offsetId, String zoneId, String input, Class<?> invalid)
tck.java.time.format.TCKDateTimeFormatters.java public void test_print_isoZonedDateTime(Integer year, Integer month, Integer day, Integer hour, Integer min, Integer sec, Integer nano, String offsetId, String zoneId, String expected, Class<?> expectedEx)
tck.java.time.format.TCKDateTimeFormatters.java public void test_print_isoZonedDateTime(Integer year, Integer month, Integer day, Integer hour, Integer min, Integer sec, Integer nano, String offsetId, String zoneId, String expected, Class<?> expectedEx)
tck.java.time.format.TCKDateTimeFormatters.java public void test_parse_isoZonedDateTime(Integer year, Integer month, Integer day, Integer hour, Integer min, Integer sec, Integer nano, String offsetId, String zoneId, String input, Class<?> invalid)
tck.java.time.format.TCKDateTimeFormatters.java public void test_parse_isoZonedDateTime(Integer year, Integer month, Integer day, Integer hour, Integer min, Integer sec, Integer nano, String offsetId, String zoneId, String input, Class<?> invalid)
tck.java.time.format.TCKDateTimeFormatters.java public void test_print_isoDateTime(Integer year, Integer month, Integer day, Integer hour, Integer min, Integer sec, Integer nano, String offsetId, String zoneId, String expected, Class<?> expectedEx)
tck.java.time.format.TCKDateTimeFormatters.java public void test_print_isoDateTime(Integer year, Integer month, Integer day, Integer hour, Integer min, Integer sec, Integer nano, String offsetId, String zoneId, String expected, Class<?> expectedEx)
tck.java.time.format.TCKDateTimeFormatters.java public void test_parse_isoDateTime(Integer year, Integer month, Integer day, Integer hour, Integer min, Integer sec, Integer nano, String offsetId, String zoneId, String input, Class<?> invalid)
tck.java.time.format.TCKDateTimeFormatters.java public void test_parse_isoDateTime(Integer year, Integer month, Integer day, Integer hour, Integer min, Integer sec, Integer nano, String offsetId, String zoneId, String input, Class<?> invalid)
tck.java.time.format.TCKDateTimeFormatters.java public void test_print_isoInstant(long instantSecs, Integer nano, String expected, Class<?> expectedEx)
tck.java.time.format.TCKDateTimeFormatters.java public void test_parse_isoInstant(long instantSecs, Integer nano, String input, Class<?> invalid)
tck.java.time.format.TCKDateTimeFormatters.java private Expected createTime(Integer hour, Integer min, Integer sec, Integer nano)
tck.java.time.format.TCKDateTimeFormatters.java private Expected createTime(Integer hour, Integer min, Integer sec, Integer nano)
tck.java.time.format.TCKDateTimeFormatters.java private Expected createDateTime(Integer year, Integer month, Integer day, Integer hour, Integer min, Integer sec, Integer nano)
tck.java.time.format.TCKDateTimeFormatters.java private Expected createDateTime(Integer year, Integer month, Integer day, Integer hour, Integer min, Integer sec, Integer nano)
tck.java.time.format.TCKDateTimeFormatters.java private TemporalAccessor buildAccessor(Integer year, Integer month, Integer day, Integer hour, Integer min, Integer sec, Integer nano, String offsetId, String zoneId)
tck.java.time.format.TCKDateTimeFormatters.java private TemporalAccessor buildAccessor(Integer year, Integer month, Integer day, Integer hour, Integer min, Integer sec, Integer nano, String offsetId, String zoneId)
tck.java.time.format.TCKDateTimeFormatters.java private TemporalAccessor buildAccessorInstant(long instantSecs, Integer nano)
tck.java.time.format.TCKLocalizedPrinterParser.java public void test_time_print(LocalTime time, FormatStyle timeStyle, int timeStyleOld, Locale locale)
tck.java.time.format.TCKLocalizedPrinterParser.java public void test_time_parse(LocalTime time, FormatStyle timeStyle, int timeStyleOld, Locale locale)
tck.java.time.format.TCKInstantPrinterParser.java public void test_print_grouped(long instantSecs, int nano, String expected)
tck.java.time.format.TCKInstantPrinterParser.java public void test_print_digits(int fractionalDigits, long instantSecs, int nano, String expected)
tck.java.time.format.TCKInstantPrinterParser.java public void test_parse_digitsMinusOne(long instantSecs, int nano, String input)
tck.java.time.format.TCKInstantPrinterParser.java public void test_parse_digitsNine(long instantSecs, int nano, String input)
tck.java.time.format.TCKDateTimeParseResolver.java public void test_resolveFourToTime(ResolverStyle style, long hour, long min, long sec, long nano, LocalTime expectedTime, Period excessPeriod)
tck.java.time.format.TCKDateTimeParseResolver.java public void test_resolveFourToTime(ResolverStyle style, long hour, long min, long sec, long nano, LocalTime expectedTime, Period excessPeriod)
tck.java.time.format.TCKDateTimeParseResolver.java public void test_resolveThreeToTime(ResolverStyle style, long hour, long min, long sec, long nano, LocalTime expectedTime, Period excessPeriod)
tck.java.time.format.TCKDateTimeParseResolver.java public void test_resolveThreeToTime(ResolverStyle style, long hour, long min, long sec, long nano, LocalTime expectedTime, Period excessPeriod)
tck.java.time.format.TCKDateTimeParseResolver.java public void test_resolveFourToDateTime(ResolverStyle style, long hour, long min, long sec, long nano, LocalTime expectedTime, Period excessPeriod)
tck.java.time.format.TCKDateTimeParseResolver.java public void test_resolveFourToDateTime(ResolverStyle style, long hour, long min, long sec, long nano, LocalTime expectedTime, Period excessPeriod)
tck.java.time.TCKZoneOffset.java private void doTestOffset(ZoneOffset offset, int hours, int minutes, int seconds)
tck.java.time.TCKZoneOffset.java private void doTestOffset(ZoneOffset offset, int hours, int minutes, int seconds)
javax.net.ssl.SSLSessionContext.java public void setSessionTimeout(int seconds) throws IllegalArgumentException
javax.xml.datatype.XMLGregorianCalendar.java public void setTime(int hour, int minute, int second)
javax.xml.datatype.XMLGregorianCalendar.java public void setTime(int hour, int minute, int second)
javax.xml.datatype.XMLGregorianCalendar.java public void setTime(int hour, int minute, int second)
javax.xml.datatype.XMLGregorianCalendar.java public abstract void setHour(int hour)
javax.xml.datatype.XMLGregorianCalendar.java public abstract void setMinute(int minute)
javax.xml.datatype.XMLGregorianCalendar.java public abstract void setSecond(int second)
javax.xml.datatype.XMLGregorianCalendar.java public abstract void setMillisecond(int millisecond)
javax.xml.datatype.XMLGregorianCalendar.java public void setTime(int hour, int minute, int second, BigDecimal fractional)
javax.xml.datatype.XMLGregorianCalendar.java public void setTime(int hour, int minute, int second, BigDecimal fractional)
javax.xml.datatype.XMLGregorianCalendar.java public void setTime(int hour, int minute, int second, BigDecimal fractional)
javax.xml.datatype.XMLGregorianCalendar.java public void setTime(int hour, int minute, int second, int millisecond)
javax.xml.datatype.XMLGregorianCalendar.java public void setTime(int hour, int minute, int second, int millisecond)
javax.xml.datatype.XMLGregorianCalendar.java public void setTime(int hour, int minute, int second, int millisecond)
javax.xml.datatype.XMLGregorianCalendar.java public void setTime(int hour, int minute, int second, int millisecond)
javax.xml.datatype.DatatypeFactory.java public abstract Duration newDuration(final boolean isPositive, final BigInteger years, final BigInteger months, final BigInteger days, final BigInteger hours, final BigInteger minutes, final BigDecimal seconds)
javax.xml.datatype.DatatypeFactory.java public abstract Duration newDuration(final boolean isPositive, final BigInteger years, final BigInteger months, final BigInteger days, final BigInteger hours, final BigInteger minutes, final BigDecimal seconds)
javax.xml.datatype.DatatypeFactory.java public Duration newDuration(final boolean isPositive, final int years, final int months, final int days, final int hours, final int minutes, final int seconds)
javax.xml.datatype.DatatypeFactory.java public Duration newDuration(final boolean isPositive, final int years, final int months, final int days, final int hours, final int minutes, final int seconds)
javax.xml.datatype.DatatypeFactory.java public Duration newDurationDayTime(final boolean isPositive, final BigInteger day, final BigInteger hour, final BigInteger minute, final BigInteger second)
javax.xml.datatype.DatatypeFactory.java public Duration newDurationDayTime(final boolean isPositive, final BigInteger day, final BigInteger hour, final BigInteger minute, final BigInteger second)
javax.xml.datatype.DatatypeFactory.java public Duration newDurationDayTime(final boolean isPositive, final BigInteger day, final BigInteger hour, final BigInteger minute, final BigInteger second)
javax.xml.datatype.DatatypeFactory.java public Duration newDurationDayTime(final boolean isPositive, final int day, final int hour, final int minute, final int second)
javax.xml.datatype.DatatypeFactory.java public Duration newDurationDayTime(final boolean isPositive, final int day, final int hour, final int minute, final int second)
javax.xml.datatype.DatatypeFactory.java public Duration newDurationDayTime(final boolean isPositive, final int day, final int hour, final int minute, final int second)
javax.xml.datatype.DatatypeFactory.java public abstract XMLGregorianCalendar newXMLGregorianCalendar(final BigInteger year, final int month, final int day, final int hour, final int minute, final int second, final BigDecimal fractionalSecond, final int timezone)
javax.xml.datatype.DatatypeFactory.java public abstract XMLGregorianCalendar newXMLGregorianCalendar(final BigInteger year, final int month, final int day, final int hour, final int minute, final int second, final BigDecimal fractionalSecond, final int timezone)
javax.xml.datatype.DatatypeFactory.java public abstract XMLGregorianCalendar newXMLGregorianCalendar(final BigInteger year, final int month, final int day, final int hour, final int minute, final int second, final BigDecimal fractionalSecond, final int timezone)
javax.xml.datatype.DatatypeFactory.java public XMLGregorianCalendar newXMLGregorianCalendar(final int year, final int month, final int day, final int hour, final int minute, final int second, final int millisecond, final int timezone)
javax.xml.datatype.DatatypeFactory.java public XMLGregorianCalendar newXMLGregorianCalendar(final int year, final int month, final int day, final int hour, final int minute, final int second, final int millisecond, final int timezone)
javax.xml.datatype.DatatypeFactory.java public XMLGregorianCalendar newXMLGregorianCalendar(final int year, final int month, final int day, final int hour, final int minute, final int second, final int millisecond, final int timezone)
javax.xml.datatype.DatatypeFactory.java public XMLGregorianCalendar newXMLGregorianCalendar(final int year, final int month, final int day, final int hour, final int minute, final int second, final int millisecond, final int timezone)
javax.xml.datatype.DatatypeFactory.java public XMLGregorianCalendar newXMLGregorianCalendarTime(final int hours, final int minutes, final int seconds, final int timezone)
javax.xml.datatype.DatatypeFactory.java public XMLGregorianCalendar newXMLGregorianCalendarTime(final int hours, final int minutes, final int seconds, final int timezone)
javax.xml.datatype.DatatypeFactory.java public XMLGregorianCalendar newXMLGregorianCalendarTime(final int hours, final int minutes, final int seconds, final BigDecimal fractionalSecond, final int timezone)
javax.xml.datatype.DatatypeFactory.java public XMLGregorianCalendar newXMLGregorianCalendarTime(final int hours, final int minutes, final int seconds, final BigDecimal fractionalSecond, final int timezone)
javax.xml.datatype.DatatypeFactory.java public XMLGregorianCalendar newXMLGregorianCalendarTime(final int hours, final int minutes, final int seconds, final int milliseconds, final int timezone)
javax.xml.datatype.DatatypeFactory.java public XMLGregorianCalendar newXMLGregorianCalendarTime(final int hours, final int minutes, final int seconds, final int milliseconds, final int timezone)
javax.xml.datatype.DatatypeFactory.java public XMLGregorianCalendar newXMLGregorianCalendarTime(final int hours, final int minutes, final int seconds, final int milliseconds, final int timezone)
javax.sql.CommonDataSource.java  void setLoginTimeout(int seconds) throws SQLException
javax.sql.RowSet.java  void setQueryTimeout(int seconds) throws SQLException
android.metrics.LogMaker.java public LogMaker setLatency(long milliseconds)
android.webkit.DateSorter.java public int getIndex(long time)
android.hardware.hdmi.HdmiTimerRecordSources.java public static Time timeOf(int hour, int minute)
android.hardware.hdmi.HdmiTimerRecordSources.java public static Time timeOf(int hour, int minute)
android.hardware.hdmi.HdmiTimerRecordSources.java private static void checkTimeValue(int hour, int minute)
android.hardware.hdmi.HdmiTimerRecordSources.java private static void checkTimeValue(int hour, int minute)
android.hardware.hdmi.HdmiTimerRecordSources.java public static Duration durationOf(int hour, int minute)
android.hardware.hdmi.HdmiTimerRecordSources.java public static Duration durationOf(int hour, int minute)
android.hardware.hdmi.HdmiTimerRecordSources.java private static void checkDurationValue(int hour, int minute)
android.hardware.hdmi.HdmiTimerRecordSources.java private static void checkDurationValue(int hour, int minute)
android.hardware.hdmi.HdmiRecordSources.java private static int threeFieldsToSixBytes(int first, int second, int third, byte[] data, int index)
android.hardware.LegacySensorManager.java public float filter(long time, float in)
android.net.NetworkStatsHistory.java public int getIndexBefore(long time)
android.net.NetworkStatsHistory.java public int getIndexAfter(long time)
android.net.wifi.WifiConfiguration.java private static String logTimeOfDay(long millis)
android.net.ConnectivityManager.java private void sendExpireMsgForFeature(NetworkCapabilities netCap, int seqNum, int delay)
android.net.SntpClient.java private void writeTimeStamp(byte[] buffer, int offset, long time)
android.net.NetworkStats.java public void setElapsedRealtime(long time)
android.app.ApplicationPackageManager.java public void extendVerificationTimeout(int id, int verificationCodeAtTimeout, long millisecondsToDelay)
android.app.UiModeManager.java public void setCustomNightModeStart(@NonNull LocalTime time)
android.app.UiModeManager.java public void setCustomNightModeEnd(@NonNull LocalTime time)
android.app.slice.Slice.java public Slice.Builder addTimestamp(long time, @Nullable @SliceSubtype String subType, @SliceHint List<String> hints)
android.app.Notification.java public static boolean areActionsVisiblyDifferent(Notification first, Notification second)
android.app.Notification.java public static boolean areStyledNotificationsVisiblyDifferent(Builder first, Builder second)
android.app.Notification.java public static boolean areRemoteViewsChanged(Builder first, Builder second)
android.app.Notification.java private static boolean areRemoteViewsChanged(RemoteViews first, RemoteViews second)
android.app.admin.FreezePeriod.java public static int distanceWithoutLeapYear(LocalDate first, LocalDate second)
android.app.admin.DevicePolicyManager.java public boolean setTime(@NonNull ComponentName admin, long millis)
android.app.TimePickerDialog.java  void onTimeSet(TimePicker view, int hourOfDay, int minute)
android.app.TimePickerDialog.java public void onTimeChanged(TimePicker view, int hourOfDay, int minute)
android.app.usage.TimeSparseArray.java public int closestIndexOnOrAfter(long time)
android.app.usage.TimeSparseArray.java public int closestIndexOnOrBefore(long time)
android.app.AlarmManager.java public void setTime(long millis)
android.widget.RadialTimePickerView.java public void initialize(int hour, int minute, boolean is24HourMode)
android.widget.RadialTimePickerView.java public void initialize(int hour, int minute, boolean is24HourMode)
android.widget.RadialTimePickerView.java public void setCurrentHour(int hour)
android.widget.RadialTimePickerView.java private void setCurrentHourInternal(int hour, boolean callback, boolean autoAdvance)
android.widget.RadialTimePickerView.java private int getDegreesForHour(int hour)
android.widget.RadialTimePickerView.java private boolean getInnerCircleForHour(int hour)
android.widget.RadialTimePickerView.java public void setCurrentMinute(int minute)
android.widget.RadialTimePickerView.java private void setCurrentMinuteInternal(int minute, boolean callback)
android.widget.RadialTimePickerView.java private int getDegreesForMinute(int minute)
android.widget.RadialTimePickerView.java private void showPicker(boolean hours, boolean animate)
android.widget.RadialTimePickerView.java private int getCircularDiff(int first, int second, int max)
android.widget.RelativeLayout.java public int compare(View first, View second)
android.widget.ZoomButtonsController.java private void dismissControlsDelayed(int delay)
android.widget.ViewFlipper.java public void setFlipInterval(@IntRange(from = 0) int milliseconds)
android.widget.TextInputTimePickerView.java  void updateTextInputValues(int localizedHour, int minute, int amOrPm, boolean is24Hour, boolean hourFormatStartsAtZero)
android.widget.TimePickerClockDelegate.java private void initialize(int hourOfDay, int minute, boolean is24HourView, int index)
android.widget.TimePickerClockDelegate.java public void setDate(int hour, int minute)
android.widget.TimePickerClockDelegate.java public void setDate(int hour, int minute)
android.widget.TimePickerClockDelegate.java public void setHour(int hour)
android.widget.TimePickerClockDelegate.java private void setHourInternal(int hour, @ChangeSource int source, boolean announce, boolean notify)
android.widget.TimePickerClockDelegate.java public void setMinute(int minute)
android.widget.TimePickerClockDelegate.java private void setMinuteInternal(int minute, @ChangeSource int source, boolean notify)
android.widget.TimePicker.java  void onTimeChanged(TimePicker view, int hourOfDay, int minute)
android.widget.TimePicker.java public void setHour(@IntRange(from = 0, to = 23) int hour)
android.widget.TimePicker.java public void setMinute(@IntRange(from = 0, to = 59) int minute)
android.widget.TimePicker.java  void setHour(@IntRange(from = 0, to = 23) int hour)
android.widget.TimePicker.java  void setMinute(@IntRange(from = 0, to = 59) int minute)
android.widget.TimePicker.java  void setDate(@IntRange(from = 0, to = 23) int hour, @IntRange(from = 0, to = 59) int minute)
android.widget.TimePicker.java  void setDate(@IntRange(from = 0, to = 23) int hour, @IntRange(from = 0, to = 59) int minute)
android.widget.TimePickerSpinnerDelegate.java public void setDate(int hour, int minute)
android.widget.TimePickerSpinnerDelegate.java public void setDate(int hour, int minute)
android.widget.TimePickerSpinnerDelegate.java public void setHour(int hour)
android.widget.TimePickerSpinnerDelegate.java public void setMinute(int minute)
android.widget.TimePickerSpinnerDelegate.java private void setCurrentMinute(int minute, boolean notifyTimeChanged)
android.widget.DateTimeView.java private static long computeNextMidnight(LocalDateTime time, ZoneId zoneId)
android.widget.DateTimeView.java private static long toEpochMillis(LocalDateTime time, ZoneId zoneId)
android.test.mock.MockPackageManager.java public void extendVerificationTimeout(int id, int verificationCodeAtTimeout, long millisecondsToDelay)
android.test.ViewAsserts.java public static void assertBaselineAligned(View first, View second)
android.test.ViewAsserts.java public static void assertRightAligned(View first, View second)
android.test.ViewAsserts.java public static void assertRightAligned(View first, View second, int margin)
android.test.ViewAsserts.java public static void assertLeftAligned(View first, View second)
android.test.ViewAsserts.java public static void assertLeftAligned(View first, View second, int margin)
android.test.ViewAsserts.java public static void assertBottomAligned(View first, View second)
android.test.ViewAsserts.java public static void assertBottomAligned(View first, View second, int margin)
android.test.ViewAsserts.java public static void assertTopAligned(View first, View second)
android.test.ViewAsserts.java public static void assertTopAligned(View first, View second, int margin)
android.util.TimeUtils.java public static void formatDuration(long time, long now, PrintWriter pw)
android.util.TimeUtils.java public static String formatUptime(long time)
android.util.TimeUtils.java public static String formatRealtime(long time)
android.util.TimeUtils.java public static String formatTime(long time, long referenceTime)
android.util.TimeUtils.java public static String logTimeOfDay(long millis)
android.util.TimeUtils.java public static String formatForLogging(long millis)
android.util.TimeUtils.java public static void dumpTime(PrintWriter pw, long time)
android.util.TimeUtils.java public static void dumpTimeWithDelta(PrintWriter pw, long time, long now)
android.util.RecurrenceRule.java public static String convertZonedDateTime(ZonedDateTime time)
android.util.RecurrenceRule.java public static ZonedDateTime convertZonedDateTime(String time)
android.security.keystore.KeyProtection.java public Builder setUserAuthenticationValidityDurationSeconds(@IntRange(from = -1) int seconds)
android.security.keystore.KeyGenParameterSpec.java public Builder setUserAuthenticationValidityDurationSeconds(@IntRange(from = -1) int seconds)
android.location.Location.java public void setTime(long time)
android.location.Location.java public void setElapsedRealtimeNanos(long time)
android.location.Location.java public void setElapsedRealtimeUncertaintyNanos(double time)
android.location.LocationRequest.java public LocationRequest setInterval(long millis)
android.location.LocationRequest.java public LocationRequest setFastestInterval(long millis)
android.location.LocationRequest.java public LocationRequest setExpireAt(long millis)
android.location.LocationRequest.java public LocationRequest setExpireIn(long millis)
android.inputmethodservice.KeyboardView.java private void addPoint(float x, float y, long time)
android.provider.settings.validators.SettingsValidatorsTest.java private String[] concat(String[] first, String[] second)
android.provider.CalendarContract.java public static final long findNextAlarmTime(ContentResolver cr, long millis)
android.animation.ValueAnimator.java private void addAnimationCallback(long delay)
android.animation.AnimationHandler.java public void addAnimationFrameCallback(final AnimationFrameCallback callback, long delay)
android.animation.AnimationHandler.java public static void setFrameDelay(long delay)
android.animation.AnimationHandler.java public void setFrameDelay(long delay)
android.animation.AnimationHandler.java  void setFrameDelay(long delay)
android.animation.LayoutTransition.java public void setStartDelay(int transitionType, long delay)
android.animation.AnimatorSet.java private void addAnimationCallback(long delay)
android.animation.AnimatorSet.java public Builder after(long delay)
android.content.pm.PackageManager.java public abstract void extendVerificationTimeout(int id, int verificationCodeAtTimeout, long millisecondsToDelay)
android.content.SyncStatusInfo.java public void addPeriodicSyncTime(long time)
android.content.rollback.RollbackManager.java public void blockRollbackManager(long millis)
android.telephony.ClientRequestStats.java public void updateRequestHistograms(int requestId, int time)
android.telephony.TelephonyHistogram.java private void addToBucketCounter(int[] bucketEndPoints, int[] bucketCounters, int time)
android.telephony.TelephonyHistogram.java public void addTimeTaken(int time)
android.telephony.emergency.EmergencyNumber.java public static boolean areSameEmergencyNumbers(@NonNull EmergencyNumber first, @NonNull EmergencyNumber second)
android.telephony.emergency.EmergencyNumber.java public static EmergencyNumber mergeSameEmergencyNumbers(@NonNull EmergencyNumber first, @NonNull EmergencyNumber second)
android.telephony.data.ApnSetting.java private boolean typeSameAny(ApnSetting first, ApnSetting second)
android.telephony.data.ApnSetting.java private boolean xorEquals(Object first, Object second)
android.telephony.data.ApnSetting.java private boolean xorEqualsString(String first, String second)
android.telephony.data.ApnSetting.java private boolean xorEqualsInt(int first, int second)
android.filterfw.core.Filter.java protected void delayNextProcess(int millisecs)
android.filterfw.core.SyncRunner.java protected void scheduleFilterWake(Filter filter, int delay)
android.system.StructTimeval.java public static StructTimeval fromMillis(long millis)
android.view.ViewRootImpl.java  float collect(float off, long time, String axis)
android.view.ViewRootImpl.java  void updateStateForAxis(MotionEvent event, long time, int axis, float value)
android.view.ViewRootImpl.java private void finishKeys(long time)
android.view.ViewRootImpl.java private void finishTracking(long time)
android.view.ViewRootImpl.java private void consumeAccumulatedMovement(long time, int metaState)
android.view.ViewRootImpl.java private float consumeAccumulatedMovement(long time, int metaState, float accumulator, int negativeKeyCode, int positiveKeyCode)
android.view.ViewRootImpl.java private void sendKeyDownOrRepeat(long time, int keyCode, int metaState)
android.view.ViewRootImpl.java private void sendKeyUp(long time)
android.view.ViewRootImpl.java private boolean startFling(long time, float vx, float vy)
android.view.ViewRootImpl.java private boolean postFling(long time)
android.view.ViewRootImpl.java private View getCommonPredecessor(View first, View second)
android.view.animation.LayoutAnimationController.java public void setDelay(float delay)
android.view.View.java private void checkForLongClick(long delay, float x, float y, int classification)
android.view.FocusFinder.java public int compare(View first, View second)
android.view.VelocityTracker.java public float estimateX(float time)
android.view.VelocityTracker.java public float estimateY(float time)
android.view.VelocityTracker.java private float estimate(float time, float[] c)
android.accessibilityservice.GestureDescription.java private int getPointsForTime(long time, TouchPoint[] touchPoints)
android.accessibilityservice.GestureDescription.java  boolean getPosForTime(long time, float[] pos)
android.accessibilityservice.GestureDescription.java  boolean hasPointForTime(long time)
android.os.Vibrator.java public void vibrate(long milliseconds)
android.os.Vibrator.java public void vibrate(long milliseconds, AudioAttributes attributes)
android.os.CountDownTimer.java public abstract void onTick(long millisUntilFinished)
android.os.health.TimerStat.java public void setTime(long time)
android.os.health.HealthStatsWriter.java public void addTimer(int timerId, int count, long time)
android.os.BatteryStats.java public void setTo(long time, byte cmd, HistoryItem o)
android.os.BatteryStats.java private static final void formatTimeRaw(StringBuilder out, long seconds)
android.os.BatteryStats.java public static final void formatTimeMs(StringBuilder sb, long time)
android.os.BatteryStats.java public static final void formatTimeMsNoSpace(StringBuilder sb, long time)
android.os.SystemClock.java public static boolean setCurrentTimeMillis(long millis)
android.os.VibrationEffect.java public static VibrationEffect createOneShot(long milliseconds, int amplitude)
android.os.VibrationEffect.java public Composition addPrimitive(@Primitive int primitiveId, @FloatRange(from = 0f, to = 1f) float scale, @IntRange(from = 0) int delay)
android.os.PowerManager.java public void goToSleep(long time)
android.os.PowerManager.java public void goToSleep(long time, int reason, int flags)
android.os.PowerManager.java public void wakeUp(long time)
android.os.PowerManager.java public void wakeUp(long time, String details)
android.os.PowerManager.java public void wakeUp(long time, @WakeReason int reason, String details)
android.os.PowerManager.java public void nap(long time)
android.os.PowerManager.java public void dream(long time)
android.os.PowerManager.java public void boostScreenBrightness(long time)
android.mtp.MtpPropertyGroup.java private native String format_date_time(long seconds)
android.text.style.TtsSpan.java public TimeBuilder setHours(int hours)
android.text.format.Time.java public void set(long millis)
android.text.format.Time.java public void set(int second, int minute, int hour, int monthDay, int month, int year)
android.text.format.Time.java public void set(int second, int minute, int hour, int monthDay, int month, int year)
android.text.format.Time.java public void set(int second, int minute, int hour, int monthDay, int month, int year)
android.text.format.Time.java public static boolean isEpoch(Time time)
android.text.format.Time.java public static int getJulianDay(long millis, long gmtoffSeconds)
android.text.format.Time.java public void setTimeInMillis(long millis)
android.text.format.Time.java public void copyFieldsToTime(Time time)
android.text.format.Time.java public void copyFieldsFromTime(Time time)
android.text.format.Formatter.java public static String formatShortElapsedTime(Context context, long millis)
android.text.format.Formatter.java public static String formatShortElapsedTimeRoundingUpToMinutes(Context context, long millis)
android.text.format.DateUtils.java public static CharSequence getRelativeTimeSpanString(long time, long now, long minResolution)
android.text.format.DateUtils.java public static CharSequence getRelativeTimeSpanString(long time, long now, long minResolution, int flags)
android.text.format.DateUtils.java public static CharSequence getRelativeDateTimeString(Context c, long time, long minResolution, long transitionResolution, int flags)
android.text.format.DateUtils.java public static CharSequence formatDuration(long millis)
android.text.format.DateUtils.java public static CharSequence formatDuration(long millis, int abbrev)
android.text.format.DateUtils.java public static String formatDateTime(Context context, long millis, int flags)
android.text.format.DateUtils.java public static CharSequence getRelativeTimeSpanString(Context c, long millis, boolean withPreposition)
android.text.format.DateUtils.java public static CharSequence getRelativeTimeSpanString(Context c, long millis)
android.service.notification.ScheduleCalendar.java private long getTime(long millis, int hour, int min)
android.service.notification.ScheduleCalendar.java private long getTime(long millis, int hour, int min)
android.service.notification.ScheduleCalendar.java public boolean isInSchedule(long time)
android.service.notification.ScheduleCalendar.java public boolean shouldExitForAlarm(long time)
android.service.notification.ScheduleCalendar.java private boolean isInSchedule(int daysOffset, long time, long start, long end)
android.service.notification.ScheduleCalendar.java private int getDayOfWeek(long time)
android.service.notification.ScheduleCalendar.java private long addDays(long time, int days)
android.service.notification.ZenModeConfig.java public static Condition toTimeCondition(Context context, long time, int minutes, int userHandle, boolean shortVersion)
android.service.notification.ZenModeConfig.java public static CharSequence getFormattedTime(Context context, long time, boolean isSameDay, int userHandle)
android.service.notification.ZenModeConfig.java public static boolean isToday(long time)
android.service.notification.ZenModeConfig.java public static Uri toCountdownConditionId(long time, boolean alarm)
android.service.notification.ZenModeConfig.java protected static String ts(long time)
android.graphics.SumPathEffect.java private static native long nativeCreate(long first, long second)
android.graphics.SumPathEffect_Delegate.java  static long nativeCreate(long first, long second)
android.opengl.EGLExt.java public static native boolean eglPresentationTimeANDROID(EGLDisplay dpy, EGLSurface sur, long time)
android.media.TtmlRenderer.java public static long parseTimeExpression(String time, int frameRate, int subframeRate, int tickRate) throws NumberFormatException
android.media.AudioManager.java public void safeWait(long millis) throws InterruptedException
android.media.session.MediaSession.java  void dispatchMediaButtonDelayed(RemoteUserInfo info, Intent mediaButtonIntent, long delay)
android.media.session.MediaSession.java  void postToCallbackDelayed(RemoteUserInfo caller, int what, Object obj, Bundle data, long delay)
com.android.uiautomator.core.Configurator.java public Configurator setKeyInjectionDelay(long delay)
com.android.keyguard.KeyguardPatternView.java public void createAnimation(final LockPatternView.CellState animatedCell, long delay, long duration, float translationY, final boolean appearing, Interpolator interpolator, final Runnable finishListener)
com.android.keyguard.PasswordTextView.java private void postDotSwap(long delay)
com.android.keyguard.PasswordTextView.java private void startDotAppearAnimation(long delay)
com.android.timezonepicker.TimeZonePickerUtils.java public CharSequence getGmtDisplayName(Context context, String id, long millis, boolean grayGmt)
com.android.timezonepicker.TimeZoneFilterTypeAdapter.java  void onSetFilter(int filterType, String str, int time)
com.android.timezonepicker.TimeZonePickerView.java public void showFilterResults(int type, String string, int time)
com.android.timezonepicker.TimeZoneResultAdapter.java public void onSetFilter(int filterType, String str, int time)
com.android.shell.BugreportProgressService.java private void takeScreenshot(int id, int delay)
com.android.internal.infra.AbstractRemoteService.java private void scheduleUnbind(boolean delay)
com.android.internal.widget.DrawableHolder.java public ObjectAnimator addAnimTo(long duration, long delay, String property, float toValue, boolean replace)
com.android.internal.widget.LockPatternView.java public void startCellStateAnimation(CellState cellState, float startAlpha, float endAlpha, float startTranslationY, float endTranslationY, float startScale, float endScale, long delay, long duration, Interpolator interpolator, Runnable finishRunnable)
com.android.internal.widget.LockPatternView.java private void startCellStateAnimationSw(final CellState cellState, final float startAlpha, final float endAlpha, final float startTranslationY, final float endTranslationY, final float startScale, final float endScale, long delay, long duration, Interpolator interpolator, final Runnable finishRunnable)
com.android.internal.widget.LockPatternView.java private void startCellStateAnimationHw(final CellState cellState, float startAlpha, float endAlpha, float startTranslationY, float endTranslationY, float startScale, float endScale, long delay, long duration, Interpolator interpolator, final Runnable finishRunnable)
com.android.internal.widget.LockPatternView.java private void startRtAlphaAnimation(CellState cellState, float endAlpha, long delay, long duration, Interpolator interpolator, Animator.AnimatorListener listener)
com.android.internal.widget.LockPatternView.java private void startRtFloatAnimation(CanvasProperty<Float> property, float endValue, long delay, long duration, Interpolator interpolator)
com.android.internal.util.IntPair.java public static long of(int first, int second)
com.android.internal.midi.EventScheduler.java public SchedulableEvent getNextEvent(long time)
com.android.internal.telephony.metrics.CallSessionEventBuilder.java public CallSessionEventBuilder setDelay(int delay)
com.android.internal.telephony.metrics.SmsSessionEventBuilder.java public SmsSessionEventBuilder setDelay(int delay)
com.android.internal.telephony.RetryManager.java public void setModemSuggestedDelay(long delay)
com.android.internal.telephony.dataconnection.DcTracker.java protected void startReconnect(long delay, ApnContext apnContext)
com.android.internal.telephony.dataconnection.ApnContext.java public void setModemSuggestedDelay(long delay)
com.android.internal.telephony.ClientWakelockAccountant.java public void startAttributingWakelock(int request, int token, int concurrentRequests, long time)
com.android.internal.telephony.ClientWakelockAccountant.java public void stopAttributingWakelock(int request, int token, long time)
com.android.internal.telephony.ClientWakelockAccountant.java public void stopAllPendingRequests(long time)
com.android.internal.telephony.ClientWakelockAccountant.java public void changeConcurrentRequests(int concurrentRequests, long time)
com.android.internal.telephony.ClientWakelockAccountant.java private void completeRequest(RilWakelockInfo wlInfo, long time)
com.android.internal.telephony.ClientWakelockTracker.java private void updateConcurrentRequests(int numRequestsInQueue, long time)
com.android.internal.telephony.MissedIncomingCallSmsFilter.java private long getEpochTime(String year, String month, String day, String hour, String minute)
com.android.internal.telephony.MissedIncomingCallSmsFilter.java private long getEpochTime(String year, String month, String day, String hour, String minute)
com.android.internal.telephony.RilWakelockInfo.java  void updateConcurrentRequests(int concurrentRequests, long time)
com.android.internal.telephony.RilWakelockInfo.java  synchronized void updateTime(long time)
com.android.internal.os.KernelCpuUidTimeReader.java  void onUidCpuTime(int uid, T time)
com.android.internal.os.BatteryStatsHelper.java private BatterySipper addEntry(DrainType drainType, long time, double power)
com.android.internal.graphics.SfVsyncFrameCallbackProvider.java public void setFrameDelay(long delay)
com.android.proxyhandler.SocketConnect.java public static void connect(Socket first, Socket second)
com.android.settingslib.animation.AppearAnimationUtils.java public void createAnimation(final View view, long delay, long duration, float translationY, boolean appearing, Interpolator interpolator, final Runnable endRunnable)
com.android.settingslib.animation.AppearAnimationUtils.java public static void startTranslationYAnimation(View view, long delay, long duration, float endTranslationY, Interpolator interpolator)
com.android.settingslib.animation.AppearAnimationCreator.java  void createAnimation(T animatedObject, long delay, long duration, float translationY, boolean appearing, Interpolator interpolator, Runnable finishListener)
com.android.settingslib.utils.StringUtil.java public static CharSequence formatElapsedTime(Context context, double millis, boolean withSeconds)
com.android.settingslib.utils.StringUtil.java public static CharSequence formatRelativeTime(Context context, double millis, boolean withSeconds, RelativeDateTimeFormatter.Style formatStyle)
com.android.settingslib.utils.StringUtil.java public static CharSequence formatRelativeTime(Context context, double millis, boolean withSeconds)
com.android.server.pm.PackageManagerService.java public void extendVerificationTimeout(int id, int verificationCodeAtTimeout, long millisecondsToDelay)
com.android.server.pm.ComponentResolver.java private boolean equalLists(List<String> first, List<String> second)
com.android.server.pm.UserManagerService.java  void setLastRequestQuietModeEnabledMillis(long millis)
com.android.server.pm.UserManagerService.java private static void dumpTimeAgo(PrintWriter pw, StringBuilder sb, long nowTime, long time)
com.android.server.pm.ShortcutService.java  static boolean isClockValid(long time)
com.android.server.pm.ShortcutService.java  static String formatTime(long time)
com.android.server.pm.pkg.PackageStateUnserialized.java public PackageStateUnserialized setLastPackageUsageTimeInMills(int reason, long time)
com.android.server.power.PowerManagerService.java private void enqueueNotifyLongMsgLocked(long time)
com.android.server.power.WakeLockLog.java private void handleWakeLockEventInternal(int eventType, String tag, int ownerUid, int flags, long time)
com.android.server.power.WakeLockLog.java public void set(long time, int type, TagData tag, int flags)
com.android.server.power.WakeLockLog.java private int getRelativeTime(long timeReference, long time)
com.android.server.power.WakeLockLog.java public static void updateTagTime(TagData tag, long time)
com.android.server.power.ThermalManagerService.java  Sample createSampleForTesting(long time, float temperature)
com.android.server.wifi.ConnectedScore.java public void updateUsingRssi(int rssi, long millis)
com.android.server.wifi.ConnectedScore.java public abstract void updateUsingRssi(int rssi, long millis, double standardDeviation)
com.android.server.wifi.ConnectedScore.java public void updateUsingWifiInfo(WifiInfo wifiInfo, long millis)
com.android.server.wifi.VelocityBasedConnectedScore.java public void updateUsingRssi(int rssi, long millis, double standardDeviation)
com.android.server.wifi.VelocityBasedConnectedScore.java public void updateUsingWifiInfo(WifiInfo wifiInfo, long millis)
com.android.server.wifi.AggressiveConnectedScore.java public void updateUsingRssi(int rssi, long millis, double standardDeviation)
com.android.server.wifi.AggressiveConnectedScore.java public void updateUsingWifiInfo(WifiInfo wifiInfo, long millis)
com.android.server.wifi.p2p.WifiP2pNative.java public boolean setP2pGroupIdle(String iface, int time)
com.android.server.wifi.hotspot2.Utils.java public static String toHMS(long millis)
com.android.server.net.NetworkStatsCollection.java public long roundUp(long time)
com.android.server.net.NetworkStatsCollection.java public long roundDown(long time)
com.android.server.net.NetworkPolicyLogger.java private String formatDate(long millis)
com.android.server.UiModeManagerService.java public void setCustomNightModeStart(long time)
com.android.server.UiModeManagerService.java public void setCustomNightModeEnd(long time)
com.android.server.recoverysystem.RecoverySystemService.java public void threadSleep(long millis) throws InterruptedException
com.android.server.AlarmManagerService.java  boolean setTimeImpl(long millis)
com.android.server.AlarmManagerService.java public boolean setTime(long millis)
com.android.server.AlarmManagerService.java private static native int set(long nativeData, int type, long seconds, long nanoseconds)
com.android.server.AlarmManagerService.java private static native int setKernelTime(long nativeData, long millis)
com.android.server.AlarmManagerService.java  void setAlarm(int type, long millis)
com.android.server.AlarmManagerService.java  void setKernelTime(long millis)
com.android.server.notification.SnoozeHelper.java private void scheduleRepostAtTime(String pkg, String key, int userId, long time)
com.android.server.notification.NotificationHistoryDatabase.java  void run(long time, AtomicFile file)
com.android.server.notification.SystemConditionProviderService.java protected static String ts(long time)
com.android.server.notification.SystemConditionProviderService.java protected static String formatDuration(long millis)
com.android.server.notification.SystemConditionProviderService.java protected static void dumpUpcomingTime(PrintWriter pw, String var, long time, long now)
com.android.server.notification.CountdownConditionProvider.java private static final Condition newCondition(long time, boolean alarm, int state)
com.android.server.notification.CalendarTracker.java public CheckEventResult checkEvent(EventInfo filter, long time)
com.android.server.notification.ValidateNotificationPeople.java private static String[] combineLists(String[] first, String[] second)
com.android.server.notification.EventConditionProvider.java private void rescheduleAlarm(long now, long time)
com.android.server.notification.ZenModeFiltering.java private static String ts(long time)
com.android.server.notification.ScheduleConditionProvider.java private void updateAlarm(long now, long time)
com.android.server.notification.ScheduleConditionProvider.java private boolean meetsSchedule(ScheduleCalendar cal, long time)
com.android.server.location.gnss.GnssLocationProvider.java public void injectTime(long time, long timeReference, int uncertainty)
com.android.server.location.gnss.GnssLocationProvider.java private native void native_inject_time(long time, long timeReference, int uncertainty)
com.android.server.location.gnss.NtpTimeHelper.java  void injectTime(long time, long timeReference, int uncertainty)
com.android.server.hdmi.HdmiCecLocalDevice.java  static void injectKeyEvent(long time, int action, int keycode, int repeat)
com.android.server.hdmi.HotplugDetectionAction.java private static BitSet complement(BitSet first, BitSet second)
com.android.server.devicepolicy.DevicePolicyManagerService.java  void powerManagerGoToSleep(long time, int reason, int flags)
com.android.server.devicepolicy.DevicePolicyManagerService.java public boolean setTime(ComponentName who, long millis)
com.android.server.wm.WindowState.java  void wakeUp(long time, @WakeReason int reason, String details)
com.android.server.wm.WindowState.java public void wakeUp(long time, @WakeReason int reason, String details)
com.android.server.wm.SystemGesturesPointerEventListener.java private int detectSwipe(int i, long time, float x, float y)
com.android.server.wm.ImmersiveModeConfirmation.java  boolean onPowerKeyDown(boolean isScreenOn, long time, boolean inImmersiveMode, boolean navBarEmpty)
com.android.server.content.SyncManager.java  static String formatTime(long time)
com.android.server.content.SyncManager.java private void dumpTimeSec(PrintWriter pw, long time)
com.android.server.content.SyncManager.java private void deferSyncH(SyncOperation op, long delay, String why)
com.android.server.content.SyncManager.java private void deferStoppedSyncH(SyncOperation op, long delay)
com.android.server.usage.UnixCalendar.java public void setTimeInMillis(long time)
com.android.server.usage.UsageStatsProto.java private static void writeCountAndTime(ProtoOutputStream proto, long fieldId, int count, long time) throws IllegalArgumentException
com.android.server.usage.UsageStatsProtoV2.java private static void writeCountAndTime(ProtoOutputStream proto, long fieldId, int count, long time) throws IllegalArgumentException
com.android.server.ResettableTimeout.java public void go(long milliseconds)
com.android.server.testing.shadows.ShadowKeyValueBackupJob.java protected static void schedule(int userId, Context ctx, long delay, BackupManagerConstants constants)
com.android.server.audio.AudioDeviceBroker.java  void postA2dpSinkConnection(@AudioService.BtProfileConnectionState int state, @NonNull BtHelper.BluetoothA2dpDeviceInfo btDeviceInfo, int delay)
com.android.server.audio.AudioDeviceBroker.java  void postA2dpSourceConnection(@AudioService.BtProfileConnectionState int state, @NonNull BtHelper.BluetoothA2dpDeviceInfo btDeviceInfo, int delay)
com.android.server.audio.AudioDeviceBroker.java  void postSetWiredDeviceConnectionState(AudioDeviceInventory.WiredDeviceConnectionState connectionState, int delay)
com.android.server.audio.AudioDeviceBroker.java  void postSetHearingAidConnectionState(@AudioService.BtProfileConnectionState int state, @NonNull BluetoothDevice device, int delay)
com.android.server.audio.AudioDeviceBroker.java  void handleFailureToConnectToBtHeadsetService(int delay)
com.android.server.audio.AudioDeviceBroker.java private void sendMsg(int msg, int existingMsgPolicy, int delay)
com.android.server.audio.AudioDeviceBroker.java private void sendILMsg(int msg, int existingMsgPolicy, int arg, Object obj, int delay)
com.android.server.audio.AudioDeviceBroker.java private void sendLMsg(int msg, int existingMsgPolicy, Object obj, int delay)
com.android.server.audio.AudioDeviceBroker.java private void sendIMsg(int msg, int existingMsgPolicy, int arg, int delay)
com.android.server.audio.AudioDeviceBroker.java private void sendIILMsg(int msg, int existingMsgPolicy, int arg1, int arg2, Object obj, int delay)
com.android.server.audio.AudioService.java private void queueMsgUnderWakeLock(Handler handler, int msg, int arg1, int arg2, Object obj, int delay)
com.android.server.audio.AudioService.java private static void sendMsg(Handler handler, int msg, int existingMsgPolicy, int arg1, int arg2, Object obj, int delay)
com.android.server.people.data.EventIndex.java private static Range<Long> createOneDayLongTimeSlot(long time)
com.android.server.people.data.EventIndex.java private static Range<Long> createFourHoursLongTimeSlot(long time)
com.android.server.people.data.EventIndex.java private static Range<Long> createOneHourLongTimeSlot(long time)
com.android.server.people.data.EventIndex.java private static Range<Long> createTwoMinutesLongTimeSlot(long time)
com.android.server.job.controllers.JobStatus.java private static CharSequence formatTime(long time)
com.android.server.DeviceIdleController.java private void postTempActiveTimeoutMessage(int appId, long delay)
com.android.server.DeviceIdleController.java  void scheduleAlarmLocked(long delay, boolean idleUntil)
com.android.server.DeviceIdleController.java  void scheduleLightAlarmLocked(long delay)
com.android.server.DeviceIdleController.java  void scheduleSensingTimeoutAlarmLocked(long delay)
com.android.server.sip.SipWakeupTimer.java private String showTime(long time)
com.android.server.display.AutomaticBrightnessController.java private void handleLightSensorEvent(long time, float lux)
com.android.server.display.AutomaticBrightnessController.java private void applyLightSensorMeasurement(long time, float lux)
com.android.server.display.AutomaticBrightnessController.java private long nextAmbientLightBrighteningTransition(long time)
com.android.server.display.AutomaticBrightnessController.java private long nextAmbientLightDarkeningTransition(long time)
com.android.server.display.AutomaticBrightnessController.java private void updateAmbientLux(long time)
com.android.server.display.AutomaticBrightnessController.java public void push(long time, float lux)
com.android.server.display.utils.RollingBuffer.java public void add(long time, float value)
com.android.server.display.utils.RollingBuffer.java private int getLatestIndexBefore(long time)
com.android.server.display.utils.AmbientFilter.java public boolean addValue(long time, float value)
com.android.server.display.utils.AmbientFilter.java public float getEstimate(long time)
com.android.server.display.utils.AmbientFilter.java private void truncateOldValues(long time)
com.android.server.display.utils.AmbientFilter.java protected abstract float filter(long time, RollingBuffer buffer)
com.android.server.display.utils.AmbientFilter.java protected float filter(long time, RollingBuffer buffer)
com.android.server.display.utils.AmbientFilter.java private float[] getWeights(long time, RollingBuffer buffer)
com.android.server.display.DisplayPowerController.java private void handleProximitySensorEvent(long time, boolean positive)
com.android.server.rollback.RollbackManagerServiceImpl.java public void blockRollbackManager(long millis)
com.android.server.DropBoxManagerService.java public DropBoxManager.Entry getNextEntry(String tag, long millis, String callingPackage)
com.android.server.DropBoxManagerService.java private Intent createIntent(String tag, long time)
com.android.server.DropBoxManagerService.java public void sendBroadcast(String tag, long time)
com.android.server.DropBoxManagerService.java public void maybeDeferBroadcast(String tag, long time)
com.android.server.DropBoxManagerService.java public synchronized DropBoxManager.Entry getNextEntry(String tag, long millis, String callingPackage)
com.android.server.backup.encryption.kv.DecryptedChunkKvOutputTest.java private static byte[] toByteArray(KeyValuePairProto.KeyValuePair nano)
com.android.server.backup.KeyValueBackupJob.java public static void schedule(int userId, Context ctx, long delay, BackupManagerConstants constants)
com.android.server.backup.UserBackupManagerServiceTest.java public static void schedule(int userId, Context ctx, long delay, BackupManagerConstants constants)
com.android.server.accessibility.FullScreenMagnificationGestureHandler.java public boolean onScroll(MotionEvent first, MotionEvent second, float distanceX, float distanceY)
com.android.server.accessibility.FullScreenMagnificationGestureHandler.java private boolean isMultiTap(MotionEvent first, MotionEvent second)
com.android.server.accessibility.KeyboardInterceptor.java private void addEventToQueue(KeyEvent event, int policyFlags, long delay)
com.android.server.accessibility.AutoclickController.java public void updateDelay(int delay)
com.android.server.accessibility.AutoclickController.java private void rescheduleClick(int delay)
com.android.server.accessibility.SystemActionPerformer.java private void sendKeyEventIdentityCleared(int keyCode, int action, long downTime, long time)
com.android.server.accessibility.gestures.TouchState.java public void set(float x, float y, long time)
com.android.server.accessibility.gestures.GestureUtils.java private static boolean eventsWithinTimeAndDistanceSlop(MotionEvent first, MotionEvent second, int timeout, int distance)
com.android.server.accessibility.gestures.GestureUtils.java public static double distance(MotionEvent first, MotionEvent second)
com.android.server.accessibility.gestures.GestureMatcher.java public void post(int state, long delay, MotionEvent event, MotionEvent rawEvent, int policyFlags)
com.android.server.timedetector.TimeDetectorStrategyImpl.java private void setSystemClockIfRequired(@Origin int origin, @NonNull TimestampedValue<Long> time, @NonNull String cause)
com.android.server.VibratorService.java  static native void vibratorOn(long milliseconds)
com.android.server.VibratorService.java public boolean hasTimeoutLongerThan(long millis)
com.android.server.VibratorService.java private void doVibratorOn(long millis, int amplitude, int uid, VibrationAttributes attrs)
com.android.server.VibratorService.java private void noteVibratorOnLocked(int uid, long millis)
com.android.common.OperationScheduler.java public void setTriggerTimeMillis(long millis)
com.android.common.OperationScheduler.java public void setMoratoriumTimeMillis(long millis)
com.android.layoutlib.bridge.android.BridgePowerManager.java public void userActivity(long time, int event, int flags) throws RemoteException
com.android.layoutlib.bridge.android.BridgePowerManager.java public void wakeUp(long time, @WakeReason int reason, String details, String opPackageName) throws RemoteException
com.android.layoutlib.bridge.android.BridgePowerManager.java public void boostScreenBrightness(long time) throws RemoteException
com.android.layoutlib.bridge.android.BridgePackageManager.java public void extendVerificationTimeout(int id, int verificationCodeAtTimeout, long millisecondsToDelay)
com.android.bluetoothmidiservice.BluetoothPacketEncoder.java private boolean appendHeader(int milliTimestamp)
com.android.gallery3d.exif.ExifTag.java public boolean setTimeValue(long time)
com.android.commands.hid.Device.java public void addDelay(int delay)
com.android.systemui.biometrics.AuthCredentialView.java public void onTick(long millisUntilFinished)
com.android.systemui.assist.AssistOrbView.java public void startExitAnimation(long delay)
com.android.systemui.keyguard.KeyguardSliceProvider.java private boolean withinNHoursLocked(AlarmManager.AlarmClockInfo alarmClockInfo, int hours)
com.android.systemui.ActivityStarterDelegate.java public void postStartActivityDismissingKeyguard(Intent intent, int delay)
com.android.systemui.util.concurrency.RepeatableExecutor.java  Runnable executeRepeatedly(Runnable r, long initialDelay, long delay, TimeUnit unit)
com.android.systemui.util.concurrency.ExecutorImpl.java public Runnable executeDelayed(Runnable r, long delay, TimeUnit unit)
com.android.systemui.util.concurrency.DelayableExecutor.java  Runnable executeDelayed(Runnable r, long delay, TimeUnit unit)
com.android.systemui.util.concurrency.RepeatableExecutorImpl.java public Runnable executeRepeatedly(Runnable r, long initDelay, long delay, TimeUnit unit)
com.android.systemui.doze.DozeLog.java public void traceMissedTick(String delay)
com.android.systemui.doze.DozeLog.java public void traceProximityResult(boolean near, long millis, @Reason int reason)
com.android.systemui.plugins.statusbar.NotificationSwipeActionHelper.java public void snooze(StatusBarNotification sbn, int hours)
com.android.systemui.plugins.qs.QS.java  void animateHeaderSlidingIn(long delay)
com.android.systemui.plugins.ActivityStarter.java  void postStartActivityDismissingKeyguard(Intent intent, int delay)
com.android.systemui.statusbar.NotificationUiAdjustment.java public static boolean areDifferent(@NonNull List<Notification.Action> first, @NonNull List<Notification.Action> second)
com.android.systemui.statusbar.NotificationUiAdjustment.java private static boolean areDifferent(@Nullable Icon first, @Nullable Icon second)
com.android.systemui.statusbar.NotificationUiAdjustment.java private static boolean areDifferent(@Nullable RemoteInput[] first, @Nullable RemoteInput[] second)
com.android.systemui.statusbar.NotificationUiAdjustment.java private static boolean areDifferent(@Nullable CharSequence[] first, @Nullable CharSequence[] second)
com.android.systemui.statusbar.notification.collection.NotificationEntry.java public void setInitializationTime(long time)
com.android.systemui.statusbar.notification.MediaNotificationProcessor.java private static Palette.Swatch selectMutedCandidate(Palette.Swatch first, Palette.Swatch second)
com.android.systemui.statusbar.notification.MediaNotificationProcessor.java private static Palette.Swatch selectVibrantCandidate(Palette.Swatch first, Palette.Swatch second)
com.android.systemui.statusbar.notification.NotificationIconDozeHelper.java public void setImageDark(ImageView target, boolean dark, boolean fade, long delay, boolean useGrayscale)
com.android.systemui.statusbar.notification.NotificationIconDozeHelper.java private void fadeImageColorFilter(final ImageView target, boolean dark, long delay)
com.android.systemui.statusbar.notification.NotificationIconDozeHelper.java private void fadeImageAlpha(final ImageView target, boolean dark, long delay)
com.android.systemui.statusbar.notification.NotificationDozeHelper.java public void fadeGrayscale(final ImageView target, final boolean dark, long delay)
com.android.systemui.statusbar.notification.NotificationDozeHelper.java public void startIntensityAnimation(ValueAnimator.AnimatorUpdateListener updateListener, boolean dark, long delay, Animator.AnimatorListener listener)
com.android.systemui.statusbar.notification.NotificationDozeHelper.java public void setDozing(Consumer<Float> listener, boolean dozing, boolean animate, long delay, View view)
com.android.systemui.statusbar.notification.ActivityLaunchAnimator.java public float getProgress(long delay, long duration)
com.android.systemui.statusbar.notification.row.ExpandableView.java public void setHideSensitive(boolean hideSensitive, boolean animated, long delay, long duration)
com.android.systemui.statusbar.notification.row.ExpandableView.java public abstract long performRemoveAnimation(long duration, long delay, float translationDirection, boolean isHeadsUpAnimation, float endLocation, Runnable onFinishedRunnable, AnimatorListenerAdapter animationListener)
com.android.systemui.statusbar.notification.row.ExpandableView.java public abstract void performAddAnimation(long delay, long duration, boolean isHeadsUpAppear)
com.android.systemui.statusbar.notification.row.wrapper.NotificationMediaTemplateViewWrapper.java private String millisecondsToTimeString(long milliseconds)
com.android.systemui.statusbar.notification.row.StackScrollerDecorView.java public long performRemoveAnimation(long duration, long delay, float translationDirection, boolean isHeadsUpAnimation, float endLocation, Runnable onFinishedRunnable, AnimatorListenerAdapter animationListener)
com.android.systemui.statusbar.notification.row.StackScrollerDecorView.java public void performAddAnimation(long delay, long duration, boolean isHeadsUpAppear)
com.android.systemui.statusbar.notification